// Jest Snapshot v1, https://goo.gl/fbAQLP

exports[`TalkPage should match the snapshot 1`] = `
<div
  class="MuiBox-root css-zcrwk5"
  data-testid="talk-page"
>
  <div
    class="MuiTypography-root MuiTypography-body1 css-qhreai-MuiTypography-root"
    style="opacity: 1; webkit-transition: opacity 500ms cubic-bezier(0.4, 0, 0.2, 1) 0ms; transition: opacity 500ms cubic-bezier(0.4, 0, 0.2, 1) 0ms;"
  >
    header
  </div>
  <div
    class="MuiGrid-root MuiGrid-container MuiGrid-direction-xs-row css-ihy9kz-MuiGrid-root"
    style="opacity: 1; webkit-transition: opacity 500ms cubic-bezier(0.4, 0, 0.2, 1) 0ms; transition: opacity 500ms cubic-bezier(0.4, 0, 0.2, 1) 0ms;"
  >
    <div
      class="MuiGrid-root MuiGrid-direction-xs-row css-17fpwt7-MuiGrid-root"
    >
      <div
        class="MuiButtonBase-root MuiChip-root MuiChip-outlined MuiChip-sizeMedium MuiChip-colorSuccess MuiChip-clickable MuiChip-clickableColorSuccess MuiChip-outlinedSuccess css-qtusb4-MuiButtonBase-root-MuiChip-root"
        role="button"
        tabindex="0"
      >
        <span
          class="MuiChip-label MuiChip-labelMedium css-16cgrcw-MuiChip-label"
        >
          apacheKafka
        </span>
      </div>
    </div>
    <div
      class="MuiGrid-root MuiGrid-direction-xs-row css-17fpwt7-MuiGrid-root"
    >
      <div
        class="MuiButtonBase-root MuiChip-root MuiChip-outlined MuiChip-sizeMedium MuiChip-colorSuccess MuiChip-clickable MuiChip-clickableColorSuccess MuiChip-outlinedSuccess css-qtusb4-MuiButtonBase-root-MuiChip-root"
        role="button"
        tabindex="0"
      >
        <span
          class="MuiChip-label MuiChip-labelMedium css-16cgrcw-MuiChip-label"
        >
          archetypes
        </span>
      </div>
    </div>
    <div
      class="MuiGrid-root MuiGrid-direction-xs-row css-17fpwt7-MuiGrid-root"
    >
      <div
        class="MuiButtonBase-root MuiChip-root MuiChip-outlined MuiChip-sizeMedium MuiChip-colorSuccess MuiChip-clickable MuiChip-clickableColorSuccess MuiChip-outlinedSuccess css-qtusb4-MuiButtonBase-root-MuiChip-root"
        role="button"
        tabindex="0"
      >
        <span
          class="MuiChip-label MuiChip-labelMedium css-16cgrcw-MuiChip-label"
        >
          architecture
        </span>
      </div>
    </div>
    <div
      class="MuiGrid-root MuiGrid-direction-xs-row css-17fpwt7-MuiGrid-root"
    >
      <div
        class="MuiButtonBase-root MuiChip-root MuiChip-outlined MuiChip-sizeMedium MuiChip-colorSuccess MuiChip-clickable MuiChip-clickableColorSuccess MuiChip-outlinedSuccess css-qtusb4-MuiButtonBase-root-MuiChip-root"
        role="button"
        tabindex="0"
      >
        <span
          class="MuiChip-label MuiChip-labelMedium css-16cgrcw-MuiChip-label"
        >
          businessCentral
        </span>
      </div>
    </div>
    <div
      class="MuiGrid-root MuiGrid-direction-xs-row css-17fpwt7-MuiGrid-root"
    >
      <div
        class="MuiButtonBase-root MuiChip-root MuiChip-outlined MuiChip-sizeMedium MuiChip-colorSuccess MuiChip-clickable MuiChip-clickableColorSuccess MuiChip-outlinedSuccess css-qtusb4-MuiButtonBase-root-MuiChip-root"
        role="button"
        tabindex="0"
      >
        <span
          class="MuiChip-label MuiChip-labelMedium css-16cgrcw-MuiChip-label"
        >
          changeRequests
        </span>
      </div>
    </div>
    <div
      class="MuiGrid-root MuiGrid-direction-xs-row css-17fpwt7-MuiGrid-root"
    >
      <div
        class="MuiButtonBase-root MuiChip-root MuiChip-outlined MuiChip-sizeMedium MuiChip-colorSuccess MuiChip-clickable MuiChip-clickableColorSuccess MuiChip-outlinedSuccess css-qtusb4-MuiButtonBase-root-MuiChip-root"
        role="button"
        tabindex="0"
      >
        <span
          class="MuiChip-label MuiChip-labelMedium css-16cgrcw-MuiChip-label"
        >
          dmn
        </span>
      </div>
    </div>
    <div
      class="MuiGrid-root MuiGrid-direction-xs-row css-17fpwt7-MuiGrid-root"
    >
      <div
        class="MuiButtonBase-root MuiChip-root MuiChip-outlined MuiChip-sizeMedium MuiChip-colorSuccess MuiChip-clickable MuiChip-clickableColorSuccess MuiChip-outlinedSuccess css-qtusb4-MuiButtonBase-root-MuiChip-root"
        role="button"
        tabindex="0"
      >
        <span
          class="MuiChip-label MuiChip-labelMedium css-16cgrcw-MuiChip-label"
        >
          editors
        </span>
      </div>
    </div>
    <div
      class="MuiGrid-root MuiGrid-direction-xs-row css-17fpwt7-MuiGrid-root"
    >
      <div
        class="MuiButtonBase-root MuiChip-root MuiChip-outlined MuiChip-sizeMedium MuiChip-colorSuccess MuiChip-clickable MuiChip-clickableColorSuccess MuiChip-outlinedSuccess css-qtusb4-MuiButtonBase-root-MuiChip-root"
        role="button"
        tabindex="0"
      >
        <span
          class="MuiChip-label MuiChip-labelMedium css-16cgrcw-MuiChip-label"
        >
          frontend
        </span>
      </div>
    </div>
    <div
      class="MuiGrid-root MuiGrid-direction-xs-row css-17fpwt7-MuiGrid-root"
    >
      <div
        class="MuiButtonBase-root MuiChip-root MuiChip-outlined MuiChip-sizeMedium MuiChip-colorSuccess MuiChip-clickable MuiChip-clickableColorSuccess MuiChip-outlinedSuccess css-qtusb4-MuiButtonBase-root-MuiChip-root"
        role="button"
        tabindex="0"
      >
        <span
          class="MuiChip-label MuiChip-labelMedium css-16cgrcw-MuiChip-label"
        >
          git
        </span>
      </div>
    </div>
    <div
      class="MuiGrid-root MuiGrid-direction-xs-row css-17fpwt7-MuiGrid-root"
    >
      <div
        class="MuiButtonBase-root MuiChip-root MuiChip-outlined MuiChip-sizeMedium MuiChip-colorSuccess MuiChip-clickable MuiChip-clickableColorSuccess MuiChip-outlinedSuccess css-qtusb4-MuiButtonBase-root-MuiChip-root"
        role="button"
        tabindex="0"
      >
        <span
          class="MuiChip-label MuiChip-labelMedium css-16cgrcw-MuiChip-label"
        >
          maven
        </span>
      </div>
    </div>
    <div
      class="MuiGrid-root MuiGrid-direction-xs-row css-17fpwt7-MuiGrid-root"
    >
      <div
        class="MuiButtonBase-root MuiChip-root MuiChip-outlined MuiChip-sizeMedium MuiChip-colorSuccess MuiChip-clickable MuiChip-clickableColorSuccess MuiChip-outlinedSuccess css-qtusb4-MuiButtonBase-root-MuiChip-root"
        role="button"
        tabindex="0"
      >
        <span
          class="MuiChip-label MuiChip-labelMedium css-16cgrcw-MuiChip-label"
        >
          openShift
        </span>
      </div>
    </div>
    <div
      class="MuiGrid-root MuiGrid-direction-xs-row css-awe7jq-MuiGrid-root"
      style="opacity: 0; visibility: hidden;"
    >
      <div
        class="MuiButtonBase-root MuiChip-root MuiChip-filled MuiChip-sizeMedium MuiChip-colorSecondary MuiChip-clickable MuiChip-clickableColorSecondary MuiChip-filledSecondary css-1eun1c-MuiButtonBase-root-MuiChip-root"
        role="button"
        tabindex="0"
      >
        <span
          class="MuiChip-label MuiChip-labelMedium css-1dybbl5-MuiChip-label"
        >
          showAll
        </span>
      </div>
    </div>
  </div>
  <div
    class="MuiBox-root css-46b038"
    style="opacity: 1; webkit-transition: opacity 500ms cubic-bezier(0.4, 0, 0.2, 1) 0ms; transition: opacity 500ms cubic-bezier(0.4, 0, 0.2, 1) 0ms;"
  >
    <div
      aria-orientation="horizontal"
      class="MuiDivider-root MuiDivider-fullWidth MuiDivider-withChildren MuiDivider-textAlignLeft css-1s0eiec-MuiDivider-root"
      role="separator"
    >
      <span
        class="MuiDivider-wrapper css-1134oje-MuiDivider-wrapper"
      >
        <div
          class="MuiTypography-root MuiTypography-overline css-1xe7o3-MuiTypography-root"
        >
          lives
        </div>
      </span>
    </div>
    <div
      class="MuiGrid-root MuiGrid-container MuiGrid-direction-xs-row MuiGrid-spacing-xs-3 css-1u8xl8z-MuiGrid-root"
    >
      <div
        class="MuiGrid-root MuiGrid-direction-xs-row MuiGrid-grid-sm-12 MuiGrid-grid-lg-6 MuiGrid-grid-xl-4 css-gwva8t-MuiGrid-root"
        style="opacity: 1; webkit-transition: opacity 1000ms cubic-bezier(0.4, 0, 0.2, 1) 0ms; transition: opacity 1000ms cubic-bezier(0.4, 0, 0.2, 1) 0ms;"
      >
        <div
          class="MuiPaper-root MuiPaper-elevation MuiPaper-rounded MuiPaper-elevation2 MuiCard-root css-1j74uew-MuiPaper-root-MuiCard-root"
          style="--Paper-shadow: 0px 3px 1px -2px rgba(0,0,0,0.2),0px 2px 2px 0px rgba(0,0,0,0.14),0px 1px 5px 0px rgba(0,0,0,0.12);"
        >
          <div
            class="MuiCardHeader-root css-149tc0y-MuiCardHeader-root"
          >
            <div
              class="MuiCardHeader-content css-1jkp9bu-MuiCardHeader-content"
            >
              <p
                class="MuiTypography-root MuiTypography-body1 MuiTypography-gutterBottom css-p3gl0f-MuiTypography-root"
              >
                lives.multiplyingArchitecture
              </p>
            </div>
          </div>
          <div
            class="MuiCardContent-root css-1yvd4r-MuiCardContent-root"
          >
            <div
              class="MuiGrid-root MuiGrid-container MuiGrid-direction-xs-row MuiGrid-spacing-xs-1 css-11rw99p-MuiGrid-root"
            >
              <div
                class="MuiGrid-root MuiGrid-direction-xs-row css-17fpwt7-MuiGrid-root"
              >
                <div
                  class="MuiButtonBase-root MuiChip-root MuiChip-outlined MuiChip-sizeSmall MuiChip-colorSuccess MuiChip-clickable MuiChip-clickableColorSuccess MuiChip-outlinedSuccess css-dcog70-MuiButtonBase-root-MuiChip-root"
                  role="button"
                  tabindex="0"
                >
                  <span
                    class="MuiChip-label MuiChip-labelSmall css-19m61dl-MuiChip-label"
                  >
                    architecture
                  </span>
                </div>
              </div>
              <div
                class="MuiGrid-root MuiGrid-direction-xs-row css-17fpwt7-MuiGrid-root"
              >
                <div
                  class="MuiButtonBase-root MuiChip-root MuiChip-outlined MuiChip-sizeSmall MuiChip-colorSuccess MuiChip-clickable MuiChip-clickableColorSuccess MuiChip-outlinedSuccess css-dcog70-MuiButtonBase-root-MuiChip-root"
                  role="button"
                  tabindex="0"
                >
                  <span
                    class="MuiChip-label MuiChip-labelSmall css-19m61dl-MuiChip-label"
                  >
                    frontend
                  </span>
                </div>
              </div>
              <div
                class="MuiGrid-root MuiGrid-direction-xs-row css-17fpwt7-MuiGrid-root"
              >
                <div
                  class="MuiButtonBase-root MuiChip-root MuiChip-outlined MuiChip-sizeSmall MuiChip-colorSuccess MuiChip-clickable MuiChip-clickableColorSuccess MuiChip-outlinedSuccess css-dcog70-MuiButtonBase-root-MuiChip-root"
                  role="button"
                  tabindex="0"
                >
                  <span
                    class="MuiChip-label MuiChip-labelSmall css-19m61dl-MuiChip-label"
                  >
                    editors
                  </span>
                </div>
              </div>
            </div>
          </div>
          <div
            class="MuiCardActions-root MuiCardActions-spacing css-1ilmthd-MuiCardActions-root"
          >
            <div
              class="MuiBox-root css-8atqhb"
            >
              <div
                class="MuiTypography-root MuiTypography-body1 css-6y733r-MuiTypography-root"
              >
                June 29th, 2023
              </div>
              <a
                class="MuiTypography-root MuiTypography-inherit MuiLink-root MuiLink-underlineNone css-1y171jh-MuiTypography-root-MuiLink-root"
                href="https://youtu.be/5XDKKGwtE98"
                rel="noreferrer"
                target="_blank"
              >
                <button
                  class="MuiButtonBase-root MuiButton-root MuiButton-text MuiButton-textSuccess MuiButton-sizeSmall MuiButton-textSizeSmall MuiButton-colorSuccess MuiButton-root MuiButton-text MuiButton-textSuccess MuiButton-sizeSmall MuiButton-textSizeSmall MuiButton-colorSuccess css-osp3w-MuiButtonBase-root-MuiButton-root"
                  tabindex="0"
                  type="button"
                >
                  watch
                  <span
                    class="MuiButton-icon MuiButton-endIcon MuiButton-iconSizeSmall css-itrjwl-MuiButton-endIcon"
                  >
                    <svg
                      aria-hidden="true"
                      class="MuiSvgIcon-root MuiSvgIcon-fontSizeMedium css-1umw9bq-MuiSvgIcon-root"
                      data-testid="LaunchIcon"
                      focusable="false"
                      viewBox="0 0 24 24"
                    >
                      <path
                        d="M19 19H5V5h7V3H5c-1.11 0-2 .9-2 2v14c0 1.1.89 2 2 2h14c1.1 0 2-.9 2-2v-7h-2zM14 3v2h3.59l-9.83 9.83 1.41 1.41L19 6.41V10h2V3z"
                      />
                    </svg>
                  </span>
                </button>
              </a>
            </div>
          </div>
        </div>
      </div>
      <div
        class="MuiGrid-root MuiGrid-direction-xs-row MuiGrid-grid-sm-12 MuiGrid-grid-lg-6 MuiGrid-grid-xl-4 css-gwva8t-MuiGrid-root"
        style="opacity: 1; webkit-transition: opacity 1000ms cubic-bezier(0.4, 0, 0.2, 1) 0ms; transition: opacity 1000ms cubic-bezier(0.4, 0, 0.2, 1) 0ms;"
      >
        <div
          class="MuiPaper-root MuiPaper-elevation MuiPaper-rounded MuiPaper-elevation2 MuiCard-root css-1j74uew-MuiPaper-root-MuiCard-root"
          style="--Paper-shadow: 0px 3px 1px -2px rgba(0,0,0,0.2),0px 2px 2px 0px rgba(0,0,0,0.14),0px 1px 5px 0px rgba(0,0,0,0.12);"
        >
          <div
            class="MuiCardHeader-root css-149tc0y-MuiCardHeader-root"
          >
            <div
              class="MuiCardHeader-content css-1jkp9bu-MuiCardHeader-content"
            >
              <p
                class="MuiTypography-root MuiTypography-body1 MuiTypography-gutterBottom css-p3gl0f-MuiTypography-root"
              >
                lives.streamDecisionsWithDmnAndKafka
              </p>
            </div>
            <div
              class="MuiCardHeader-action css-116l9hl-MuiCardHeader-action"
            >
              <img
                alt=""
                aria-label="kieCommunity"
                class=""
                data-mui-internal-clone-element="true"
                loading="lazy"
                src="static/images/kie.webp"
                style="margin: 4px 8px 0px 16px; width: 20px; height: 20px;"
              />
            </div>
          </div>
          <div
            class="MuiCardContent-root css-1yvd4r-MuiCardContent-root"
          >
            <div
              class="MuiGrid-root MuiGrid-container MuiGrid-direction-xs-row MuiGrid-spacing-xs-1 css-11rw99p-MuiGrid-root"
            >
              <div
                class="MuiGrid-root MuiGrid-direction-xs-row css-17fpwt7-MuiGrid-root"
              >
                <div
                  class="MuiButtonBase-root MuiChip-root MuiChip-outlined MuiChip-sizeSmall MuiChip-colorSuccess MuiChip-clickable MuiChip-clickableColorSuccess MuiChip-outlinedSuccess css-dcog70-MuiButtonBase-root-MuiChip-root"
                  role="button"
                  tabindex="0"
                >
                  <span
                    class="MuiChip-label MuiChip-labelSmall css-19m61dl-MuiChip-label"
                  >
                    apacheKafka
                  </span>
                </div>
              </div>
              <div
                class="MuiGrid-root MuiGrid-direction-xs-row css-17fpwt7-MuiGrid-root"
              >
                <div
                  class="MuiButtonBase-root MuiChip-root MuiChip-outlined MuiChip-sizeSmall MuiChip-colorSuccess MuiChip-clickable MuiChip-clickableColorSuccess MuiChip-outlinedSuccess css-dcog70-MuiButtonBase-root-MuiChip-root"
                  role="button"
                  tabindex="0"
                >
                  <span
                    class="MuiChip-label MuiChip-labelSmall css-19m61dl-MuiChip-label"
                  >
                    openShift
                  </span>
                </div>
              </div>
              <div
                class="MuiGrid-root MuiGrid-direction-xs-row css-17fpwt7-MuiGrid-root"
              >
                <div
                  class="MuiButtonBase-root MuiChip-root MuiChip-outlined MuiChip-sizeSmall MuiChip-colorSuccess MuiChip-clickable MuiChip-clickableColorSuccess MuiChip-outlinedSuccess css-dcog70-MuiButtonBase-root-MuiChip-root"
                  role="button"
                  tabindex="0"
                >
                  <span
                    class="MuiChip-label MuiChip-labelSmall css-19m61dl-MuiChip-label"
                  >
                    dmn
                  </span>
                </div>
              </div>
            </div>
          </div>
          <div
            class="MuiCardActions-root MuiCardActions-spacing css-1ilmthd-MuiCardActions-root"
          >
            <div
              class="MuiBox-root css-8atqhb"
            >
              <div
                class="MuiTypography-root MuiTypography-body1 css-6y733r-MuiTypography-root"
              >
                June 8th, 2021
              </div>
              <a
                class="MuiTypography-root MuiTypography-inherit MuiLink-root MuiLink-underlineNone css-1y171jh-MuiTypography-root-MuiLink-root"
                href="https://www.youtube.com/watch?v=pgj4jmkAl5A"
                rel="noreferrer"
                target="_blank"
              >
                <button
                  class="MuiButtonBase-root MuiButton-root MuiButton-text MuiButton-textSuccess MuiButton-sizeSmall MuiButton-textSizeSmall MuiButton-colorSuccess MuiButton-root MuiButton-text MuiButton-textSuccess MuiButton-sizeSmall MuiButton-textSizeSmall MuiButton-colorSuccess css-osp3w-MuiButtonBase-root-MuiButton-root"
                  tabindex="0"
                  type="button"
                >
                  watch
                  <span
                    class="MuiButton-icon MuiButton-endIcon MuiButton-iconSizeSmall css-itrjwl-MuiButton-endIcon"
                  >
                    <svg
                      aria-hidden="true"
                      class="MuiSvgIcon-root MuiSvgIcon-fontSizeMedium css-1umw9bq-MuiSvgIcon-root"
                      data-testid="LaunchIcon"
                      focusable="false"
                      viewBox="0 0 24 24"
                    >
                      <path
                        d="M19 19H5V5h7V3H5c-1.11 0-2 .9-2 2v14c0 1.1.89 2 2 2h14c1.1 0 2-.9 2-2v-7h-2zM14 3v2h3.59l-9.83 9.83 1.41 1.41L19 6.41V10h2V3z"
                      />
                    </svg>
                  </span>
                </button>
              </a>
            </div>
          </div>
        </div>
      </div>
      <div
        class="MuiGrid-root MuiGrid-direction-xs-row MuiGrid-grid-sm-12 MuiGrid-grid-lg-6 MuiGrid-grid-xl-4 css-gwva8t-MuiGrid-root"
        style="opacity: 1; webkit-transition: opacity 1000ms cubic-bezier(0.4, 0, 0.2, 1) 0ms; transition: opacity 1000ms cubic-bezier(0.4, 0, 0.2, 1) 0ms;"
      >
        <div
          class="MuiPaper-root MuiPaper-elevation MuiPaper-rounded MuiPaper-elevation2 MuiCard-root css-1j74uew-MuiPaper-root-MuiCard-root"
          style="--Paper-shadow: 0px 3px 1px -2px rgba(0,0,0,0.2),0px 2px 2px 0px rgba(0,0,0,0.14),0px 1px 5px 0px rgba(0,0,0,0.12);"
        >
          <div
            class="MuiCardHeader-root css-149tc0y-MuiCardHeader-root"
          >
            <div
              class="MuiCardHeader-content css-1jkp9bu-MuiCardHeader-content"
            >
              <p
                class="MuiTypography-root MuiTypography-body1 MuiTypography-gutterBottom css-p3gl0f-MuiTypography-root"
              >
                lives.mavenArchetypesInBC
              </p>
            </div>
            <div
              class="MuiCardHeader-action css-116l9hl-MuiCardHeader-action"
            >
              <img
                alt=""
                aria-label="kieCommunity"
                class=""
                data-mui-internal-clone-element="true"
                loading="lazy"
                src="static/images/kie.webp"
                style="margin: 4px 8px 0px 16px; width: 20px; height: 20px;"
              />
            </div>
          </div>
          <div
            class="MuiCardContent-root css-1yvd4r-MuiCardContent-root"
          >
            <div
              class="MuiGrid-root MuiGrid-container MuiGrid-direction-xs-row MuiGrid-spacing-xs-1 css-11rw99p-MuiGrid-root"
            >
              <div
                class="MuiGrid-root MuiGrid-direction-xs-row css-17fpwt7-MuiGrid-root"
              >
                <div
                  class="MuiButtonBase-root MuiChip-root MuiChip-outlined MuiChip-sizeSmall MuiChip-colorSuccess MuiChip-clickable MuiChip-clickableColorSuccess MuiChip-outlinedSuccess css-dcog70-MuiButtonBase-root-MuiChip-root"
                  role="button"
                  tabindex="0"
                >
                  <span
                    class="MuiChip-label MuiChip-labelSmall css-19m61dl-MuiChip-label"
                  >
                    businessCentral
                  </span>
                </div>
              </div>
              <div
                class="MuiGrid-root MuiGrid-direction-xs-row css-17fpwt7-MuiGrid-root"
              >
                <div
                  class="MuiButtonBase-root MuiChip-root MuiChip-outlined MuiChip-sizeSmall MuiChip-colorSuccess MuiChip-clickable MuiChip-clickableColorSuccess MuiChip-outlinedSuccess css-dcog70-MuiButtonBase-root-MuiChip-root"
                  role="button"
                  tabindex="0"
                >
                  <span
                    class="MuiChip-label MuiChip-labelSmall css-19m61dl-MuiChip-label"
                  >
                    archetypes
                  </span>
                </div>
              </div>
              <div
                class="MuiGrid-root MuiGrid-direction-xs-row css-17fpwt7-MuiGrid-root"
              >
                <div
                  class="MuiButtonBase-root MuiChip-root MuiChip-outlined MuiChip-sizeSmall MuiChip-colorSuccess MuiChip-clickable MuiChip-clickableColorSuccess MuiChip-outlinedSuccess css-dcog70-MuiButtonBase-root-MuiChip-root"
                  role="button"
                  tabindex="0"
                >
                  <span
                    class="MuiChip-label MuiChip-labelSmall css-19m61dl-MuiChip-label"
                  >
                    maven
                  </span>
                </div>
              </div>
            </div>
          </div>
          <div
            class="MuiCardActions-root MuiCardActions-spacing css-1ilmthd-MuiCardActions-root"
          >
            <div
              class="MuiBox-root css-8atqhb"
            >
              <div
                class="MuiTypography-root MuiTypography-body1 css-6y733r-MuiTypography-root"
              >
                September 15th, 2020
              </div>
              <a
                class="MuiTypography-root MuiTypography-inherit MuiLink-root MuiLink-underlineNone css-1y171jh-MuiTypography-root-MuiLink-root"
                href="https://www.youtube.com/watch?v=E07RXxiZdYc"
                rel="noreferrer"
                target="_blank"
              >
                <button
                  class="MuiButtonBase-root MuiButton-root MuiButton-text MuiButton-textSuccess MuiButton-sizeSmall MuiButton-textSizeSmall MuiButton-colorSuccess MuiButton-root MuiButton-text MuiButton-textSuccess MuiButton-sizeSmall MuiButton-textSizeSmall MuiButton-colorSuccess css-osp3w-MuiButtonBase-root-MuiButton-root"
                  tabindex="0"
                  type="button"
                >
                  watch
                  <span
                    class="MuiButton-icon MuiButton-endIcon MuiButton-iconSizeSmall css-itrjwl-MuiButton-endIcon"
                  >
                    <svg
                      aria-hidden="true"
                      class="MuiSvgIcon-root MuiSvgIcon-fontSizeMedium css-1umw9bq-MuiSvgIcon-root"
                      data-testid="LaunchIcon"
                      focusable="false"
                      viewBox="0 0 24 24"
                    >
                      <path
                        d="M19 19H5V5h7V3H5c-1.11 0-2 .9-2 2v14c0 1.1.89 2 2 2h14c1.1 0 2-.9 2-2v-7h-2zM14 3v2h3.59l-9.83 9.83 1.41 1.41L19 6.41V10h2V3z"
                      />
                    </svg>
                  </span>
                </button>
              </a>
            </div>
          </div>
        </div>
      </div>
      <div
        class="MuiGrid-root MuiGrid-direction-xs-row MuiGrid-grid-sm-12 MuiGrid-grid-lg-6 MuiGrid-grid-xl-4 css-gwva8t-MuiGrid-root"
        style="opacity: 1; webkit-transition: opacity 1000ms cubic-bezier(0.4, 0, 0.2, 1) 0ms; transition: opacity 1000ms cubic-bezier(0.4, 0, 0.2, 1) 0ms;"
      >
        <div
          class="MuiPaper-root MuiPaper-elevation MuiPaper-rounded MuiPaper-elevation2 MuiCard-root css-1j74uew-MuiPaper-root-MuiCard-root"
          style="--Paper-shadow: 0px 3px 1px -2px rgba(0,0,0,0.2),0px 2px 2px 0px rgba(0,0,0,0.14),0px 1px 5px 0px rgba(0,0,0,0.12);"
        >
          <div
            class="MuiCardHeader-root css-149tc0y-MuiCardHeader-root"
          >
            <div
              class="MuiCardHeader-content css-1jkp9bu-MuiCardHeader-content"
            >
              <p
                class="MuiTypography-root MuiTypography-body1 MuiTypography-gutterBottom css-p3gl0f-MuiTypography-root"
              >
                lives.workspaceCollaborationInBC
              </p>
            </div>
            <div
              class="MuiCardHeader-action css-116l9hl-MuiCardHeader-action"
            >
              <img
                alt=""
                aria-label="kieCommunity"
                class=""
                data-mui-internal-clone-element="true"
                loading="lazy"
                src="static/images/kie.webp"
                style="margin: 4px 8px 0px 16px; width: 20px; height: 20px;"
              />
            </div>
          </div>
          <div
            class="MuiCardContent-root css-1yvd4r-MuiCardContent-root"
          >
            <div
              class="MuiGrid-root MuiGrid-container MuiGrid-direction-xs-row MuiGrid-spacing-xs-1 css-11rw99p-MuiGrid-root"
            >
              <div
                class="MuiGrid-root MuiGrid-direction-xs-row css-17fpwt7-MuiGrid-root"
              >
                <div
                  class="MuiButtonBase-root MuiChip-root MuiChip-outlined MuiChip-sizeSmall MuiChip-colorSuccess MuiChip-clickable MuiChip-clickableColorSuccess MuiChip-outlinedSuccess css-dcog70-MuiButtonBase-root-MuiChip-root"
                  role="button"
                  tabindex="0"
                >
                  <span
                    class="MuiChip-label MuiChip-labelSmall css-19m61dl-MuiChip-label"
                  >
                    businessCentral
                  </span>
                </div>
              </div>
              <div
                class="MuiGrid-root MuiGrid-direction-xs-row css-17fpwt7-MuiGrid-root"
              >
                <div
                  class="MuiButtonBase-root MuiChip-root MuiChip-outlined MuiChip-sizeSmall MuiChip-colorSuccess MuiChip-clickable MuiChip-clickableColorSuccess MuiChip-outlinedSuccess css-dcog70-MuiButtonBase-root-MuiChip-root"
                  role="button"
                  tabindex="0"
                >
                  <span
                    class="MuiChip-label MuiChip-labelSmall css-19m61dl-MuiChip-label"
                  >
                    changeRequests
                  </span>
                </div>
              </div>
              <div
                class="MuiGrid-root MuiGrid-direction-xs-row css-17fpwt7-MuiGrid-root"
              >
                <div
                  class="MuiButtonBase-root MuiChip-root MuiChip-outlined MuiChip-sizeSmall MuiChip-colorSuccess MuiChip-clickable MuiChip-clickableColorSuccess MuiChip-outlinedSuccess css-dcog70-MuiButtonBase-root-MuiChip-root"
                  role="button"
                  tabindex="0"
                >
                  <span
                    class="MuiChip-label MuiChip-labelSmall css-19m61dl-MuiChip-label"
                  >
                    git
                  </span>
                </div>
              </div>
            </div>
          </div>
          <div
            class="MuiCardActions-root MuiCardActions-spacing css-1ilmthd-MuiCardActions-root"
          >
            <div
              class="MuiBox-root css-8atqhb"
            >
              <div
                class="MuiTypography-root MuiTypography-body1 css-6y733r-MuiTypography-root"
              >
                September 8th, 2020
              </div>
              <a
                class="MuiTypography-root MuiTypography-inherit MuiLink-root MuiLink-underlineNone css-1y171jh-MuiTypography-root-MuiLink-root"
                href="https://www.youtube.com/watch?v=wWpOKILLlZI"
                rel="noreferrer"
                target="_blank"
              >
                <button
                  class="MuiButtonBase-root MuiButton-root MuiButton-text MuiButton-textSuccess MuiButton-sizeSmall MuiButton-textSizeSmall MuiButton-colorSuccess MuiButton-root MuiButton-text MuiButton-textSuccess MuiButton-sizeSmall MuiButton-textSizeSmall MuiButton-colorSuccess css-osp3w-MuiButtonBase-root-MuiButton-root"
                  tabindex="0"
                  type="button"
                >
                  watch
                  <span
                    class="MuiButton-icon MuiButton-endIcon MuiButton-iconSizeSmall css-itrjwl-MuiButton-endIcon"
                  >
                    <svg
                      aria-hidden="true"
                      class="MuiSvgIcon-root MuiSvgIcon-fontSizeMedium css-1umw9bq-MuiSvgIcon-root"
                      data-testid="LaunchIcon"
                      focusable="false"
                      viewBox="0 0 24 24"
                    >
                      <path
                        d="M19 19H5V5h7V3H5c-1.11 0-2 .9-2 2v14c0 1.1.89 2 2 2h14c1.1 0 2-.9 2-2v-7h-2zM14 3v2h3.59l-9.83 9.83 1.41 1.41L19 6.41V10h2V3z"
                      />
                    </svg>
                  </span>
                </button>
              </a>
            </div>
          </div>
        </div>
      </div>
    </div>
  </div>
  <div
    class="MuiBox-root css-46b038"
    style="opacity: 1; webkit-transition: opacity 500ms cubic-bezier(0.4, 0, 0.2, 1) 0ms; transition: opacity 500ms cubic-bezier(0.4, 0, 0.2, 1) 0ms;"
  >
    <div
      aria-orientation="horizontal"
      class="MuiDivider-root MuiDivider-fullWidth MuiDivider-withChildren MuiDivider-textAlignLeft css-1s0eiec-MuiDivider-root"
      role="separator"
    >
      <span
        class="MuiDivider-wrapper css-1134oje-MuiDivider-wrapper"
      >
        <div
          class="MuiTypography-root MuiTypography-overline css-1xe7o3-MuiTypography-root"
        >
          conferences
        </div>
      </span>
    </div>
    <div
      class="MuiGrid-root MuiGrid-container MuiGrid-direction-xs-row MuiGrid-spacing-xs-3 css-1u8xl8z-MuiGrid-root"
    >
      <div
        class="MuiGrid-root MuiGrid-direction-xs-row MuiGrid-grid-sm-12 MuiGrid-grid-lg-6 MuiGrid-grid-xl-4 css-gwva8t-MuiGrid-root"
        style="opacity: 1; webkit-transition: opacity 1000ms cubic-bezier(0.4, 0, 0.2, 1) 0ms; transition: opacity 1000ms cubic-bezier(0.4, 0, 0.2, 1) 0ms;"
      >
        <div
          class="MuiPaper-root MuiPaper-elevation MuiPaper-rounded MuiPaper-elevation2 MuiCard-root css-1j74uew-MuiPaper-root-MuiCard-root"
          style="--Paper-shadow: 0px 3px 1px -2px rgba(0,0,0,0.2),0px 2px 2px 0px rgba(0,0,0,0.14),0px 1px 5px 0px rgba(0,0,0,0.12);"
        >
          <div
            class="MuiCardHeader-root css-149tc0y-MuiCardHeader-root"
          >
            <div
              class="MuiCardHeader-content css-1jkp9bu-MuiCardHeader-content"
            >
              <p
                class="MuiTypography-root MuiTypography-body1 MuiTypography-gutterBottom css-p3gl0f-MuiTypography-root"
              >
                conferences.streamDecisionsWithDmnAndKafka
              </p>
            </div>
            <div
              class="MuiCardHeader-action css-116l9hl-MuiCardHeader-action"
            >
              <img
                alt=""
                aria-label="theDevelopersConference"
                class=""
                data-mui-internal-clone-element="true"
                loading="lazy"
                src="static/images/tdc.webp"
                style="margin: 4px 8px 0px 16px; width: 20px; height: 20px;"
              />
            </div>
          </div>
          <div
            class="MuiCardContent-root css-1yvd4r-MuiCardContent-root"
          >
            <div
              class="MuiGrid-root MuiGrid-container MuiGrid-direction-xs-row MuiGrid-spacing-xs-1 css-11rw99p-MuiGrid-root"
            >
              <div
                class="MuiGrid-root MuiGrid-direction-xs-row css-17fpwt7-MuiGrid-root"
              >
                <div
                  class="MuiButtonBase-root MuiChip-root MuiChip-outlined MuiChip-sizeSmall MuiChip-colorSuccess MuiChip-clickable MuiChip-clickableColorSuccess MuiChip-outlinedSuccess css-dcog70-MuiButtonBase-root-MuiChip-root"
                  role="button"
                  tabindex="0"
                >
                  <span
                    class="MuiChip-label MuiChip-labelSmall css-19m61dl-MuiChip-label"
                  >
                    apacheKafka
                  </span>
                </div>
              </div>
              <div
                class="MuiGrid-root MuiGrid-direction-xs-row css-17fpwt7-MuiGrid-root"
              >
                <div
                  class="MuiButtonBase-root MuiChip-root MuiChip-outlined MuiChip-sizeSmall MuiChip-colorSuccess MuiChip-clickable MuiChip-clickableColorSuccess MuiChip-outlinedSuccess css-dcog70-MuiButtonBase-root-MuiChip-root"
                  role="button"
                  tabindex="0"
                >
                  <span
                    class="MuiChip-label MuiChip-labelSmall css-19m61dl-MuiChip-label"
                  >
                    openShift
                  </span>
                </div>
              </div>
              <div
                class="MuiGrid-root MuiGrid-direction-xs-row css-17fpwt7-MuiGrid-root"
              >
                <div
                  class="MuiButtonBase-root MuiChip-root MuiChip-outlined MuiChip-sizeSmall MuiChip-colorSuccess MuiChip-clickable MuiChip-clickableColorSuccess MuiChip-outlinedSuccess css-dcog70-MuiButtonBase-root-MuiChip-root"
                  role="button"
                  tabindex="0"
                >
                  <span
                    class="MuiChip-label MuiChip-labelSmall css-19m61dl-MuiChip-label"
                  >
                    dmn
                  </span>
                </div>
              </div>
            </div>
          </div>
          <div
            class="MuiCardActions-root MuiCardActions-spacing css-1ilmthd-MuiCardActions-root"
          >
            <div
              class="MuiBox-root css-8atqhb"
            >
              <div
                class="MuiTypography-root MuiTypography-body1 css-6y733r-MuiTypography-root"
              >
                June 8th, 2021
              </div>
              <a
                class="MuiTypography-root MuiTypography-inherit MuiLink-root MuiLink-underlineNone css-1y171jh-MuiTypography-root-MuiLink-root"
                href="static/slides/2021-06-streaming-decisions-with-dmn-and-kafka.pdf"
                rel="noreferrer"
                target="_blank"
              >
                <button
                  class="MuiButtonBase-root MuiButton-root MuiButton-text MuiButton-textSuccess MuiButton-sizeSmall MuiButton-textSizeSmall MuiButton-colorSuccess MuiButton-root MuiButton-text MuiButton-textSuccess MuiButton-sizeSmall MuiButton-textSizeSmall MuiButton-colorSuccess css-osp3w-MuiButtonBase-root-MuiButton-root"
                  tabindex="0"
                  type="button"
                >
                  slides
                  <span
                    class="MuiButton-icon MuiButton-endIcon MuiButton-iconSizeSmall css-itrjwl-MuiButton-endIcon"
                  >
                    <svg
                      aria-hidden="true"
                      class="MuiSvgIcon-root MuiSvgIcon-fontSizeMedium css-1umw9bq-MuiSvgIcon-root"
                      data-testid="LaunchIcon"
                      focusable="false"
                      viewBox="0 0 24 24"
                    >
                      <path
                        d="M19 19H5V5h7V3H5c-1.11 0-2 .9-2 2v14c0 1.1.89 2 2 2h14c1.1 0 2-.9 2-2v-7h-2zM14 3v2h3.59l-9.83 9.83 1.41 1.41L19 6.41V10h2V3z"
                      />
                    </svg>
                  </span>
                </button>
              </a>
            </div>
          </div>
        </div>
      </div>
    </div>
  </div>
</div>
`;
