// Jest Snapshot v1, https://goo.gl/fbAQLP

exports[`XButton should match the snapshot 1`] = `
<button
  aria-label="Open x"
  class="MuiButtonBase-root MuiIconButton-root MuiIconButton-sizeMedium css-1l55se7-MuiButtonBase-root-MuiIconButton-root"
  data-mui-internal-clone-element="true"
  data-testid="x-button"
  id="x-button"
  tabindex="0"
  type="button"
>
  <svg
    aria-hidden="true"
    class="MuiSvgIcon-root MuiSvgIcon-fontSizeMedium css-i4bv87-MuiSvgIcon-root"
    data-testid="XIcon"
    focusable="false"
    viewBox="0 0 24 24"
  >
    <path
      d="M18.244 2.25h3.308l-7.227 8.26 8.502 11.24H16.17l-5.214-6.817L4.99 21.75H1.68l7.73-8.835L1.254 2.25H8.08l4.713 6.231zm-1.161 17.52h1.833L7.084 4.126H5.117z"
    />
  </svg>
  <span
    class="MuiTouchRipple-root css-8je8zh-MuiTouchRipple-root"
  />
</button>
`;
