// Jest Snapshot v1, https://goo.gl/fbAQLP

exports[`CodePage should match the snapshot 1`] = `
<div
  class="MuiBox-root css-zcrwk5"
  data-testid="code-page"
>
  <div
    class="MuiTypography-root MuiTypography-body1 css-1xx02jo-MuiTypography-root"
    style="opacity: 1; webkit-transition: opacity 500ms cubic-bezier(0.4, 0, 0.2, 1) 0ms; transition: opacity 500ms cubic-bezier(0.4, 0, 0.2, 1) 0ms;"
  >
    header
  </div>
  <div
    class="MuiGrid-root MuiGrid-container css-oys8bv-MuiGrid-root"
    style="opacity: 1; webkit-transition: opacity 500ms cubic-bezier(0.4, 0, 0.2, 1) 0ms; transition: opacity 500ms cubic-bezier(0.4, 0, 0.2, 1) 0ms;"
  >
    <div
      class="MuiGrid-root MuiGrid-item css-13i4rnv-MuiGrid-root"
    >
      <div
        class="MuiButtonBase-root MuiChip-root MuiChip-outlined MuiChip-sizeMedium MuiChip-colorSuccess MuiChip-clickable MuiChip-clickableColorSuccess MuiChip-outlinedSuccess css-1x5wi4d-MuiButtonBase-root-MuiChip-root"
        role="button"
        tabindex="0"
      >
        <span
          class="MuiChip-label MuiChip-labelMedium css-1jzq0dw-MuiChip-label"
        >
          apacheKafka
        </span>
        <span
          class="MuiTouchRipple-root css-8je8zh-MuiTouchRipple-root"
        />
      </div>
    </div>
    <div
      class="MuiGrid-root MuiGrid-item css-13i4rnv-MuiGrid-root"
    >
      <div
        class="MuiButtonBase-root MuiChip-root MuiChip-outlined MuiChip-sizeMedium MuiChip-colorSuccess MuiChip-clickable MuiChip-clickableColorSuccess MuiChip-outlinedSuccess css-1x5wi4d-MuiButtonBase-root-MuiChip-root"
        role="button"
        tabindex="0"
      >
        <span
          class="MuiChip-label MuiChip-labelMedium css-1jzq0dw-MuiChip-label"
        >
          artifact
        </span>
        <span
          class="MuiTouchRipple-root css-8je8zh-MuiTouchRipple-root"
        />
      </div>
    </div>
    <div
      class="MuiGrid-root MuiGrid-item css-13i4rnv-MuiGrid-root"
    >
      <div
        class="MuiButtonBase-root MuiChip-root MuiChip-outlined MuiChip-sizeMedium MuiChip-colorSuccess MuiChip-clickable MuiChip-clickableColorSuccess MuiChip-outlinedSuccess css-1x5wi4d-MuiButtonBase-root-MuiChip-root"
        role="button"
        tabindex="0"
      >
        <span
          class="MuiChip-label MuiChip-labelMedium css-1jzq0dw-MuiChip-label"
        >
          bayesianStatistics
        </span>
        <span
          class="MuiTouchRipple-root css-8je8zh-MuiTouchRipple-root"
        />
      </div>
    </div>
    <div
      class="MuiGrid-root MuiGrid-item css-13i4rnv-MuiGrid-root"
    >
      <div
        class="MuiButtonBase-root MuiChip-root MuiChip-outlined MuiChip-sizeMedium MuiChip-colorSuccess MuiChip-clickable MuiChip-clickableColorSuccess MuiChip-outlinedSuccess css-1x5wi4d-MuiButtonBase-root-MuiChip-root"
        role="button"
        tabindex="0"
      >
        <span
          class="MuiChip-label MuiChip-labelMedium css-1jzq0dw-MuiChip-label"
        >
          clustering
        </span>
        <span
          class="MuiTouchRipple-root css-8je8zh-MuiTouchRipple-root"
        />
      </div>
    </div>
    <div
      class="MuiGrid-root MuiGrid-item css-13i4rnv-MuiGrid-root"
    >
      <div
        class="MuiButtonBase-root MuiChip-root MuiChip-outlined MuiChip-sizeMedium MuiChip-colorSuccess MuiChip-clickable MuiChip-clickableColorSuccess MuiChip-outlinedSuccess css-1x5wi4d-MuiButtonBase-root-MuiChip-root"
        role="button"
        tabindex="0"
      >
        <span
          class="MuiChip-label MuiChip-labelMedium css-1jzq0dw-MuiChip-label"
        >
          computerVision
        </span>
        <span
          class="MuiTouchRipple-root css-8je8zh-MuiTouchRipple-root"
        />
      </div>
    </div>
    <div
      class="MuiGrid-root MuiGrid-item css-13i4rnv-MuiGrid-root"
    >
      <div
        class="MuiButtonBase-root MuiChip-root MuiChip-outlined MuiChip-sizeMedium MuiChip-colorSuccess MuiChip-clickable MuiChip-clickableColorSuccess MuiChip-outlinedSuccess css-1x5wi4d-MuiButtonBase-root-MuiChip-root"
        role="button"
        tabindex="0"
      >
        <span
          class="MuiChip-label MuiChip-labelMedium css-1jzq0dw-MuiChip-label"
        >
          dmn
        </span>
        <span
          class="MuiTouchRipple-root css-8je8zh-MuiTouchRipple-root"
        />
      </div>
    </div>
    <div
      class="MuiGrid-root MuiGrid-item css-13i4rnv-MuiGrid-root"
    >
      <div
        class="MuiButtonBase-root MuiChip-root MuiChip-outlined MuiChip-sizeMedium MuiChip-colorSuccess MuiChip-clickable MuiChip-clickableColorSuccess MuiChip-outlinedSuccess css-1x5wi4d-MuiButtonBase-root-MuiChip-root"
        role="button"
        tabindex="0"
      >
        <span
          class="MuiChip-label MuiChip-labelMedium css-1jzq0dw-MuiChip-label"
        >
          docker
        </span>
        <span
          class="MuiTouchRipple-root css-8je8zh-MuiTouchRipple-root"
        />
      </div>
    </div>
    <div
      class="MuiGrid-root MuiGrid-item css-13i4rnv-MuiGrid-root"
    >
      <div
        class="MuiButtonBase-root MuiChip-root MuiChip-outlined MuiChip-sizeMedium MuiChip-colorSuccess MuiChip-clickable MuiChip-clickableColorSuccess MuiChip-outlinedSuccess css-1x5wi4d-MuiButtonBase-root-MuiChip-root"
        role="button"
        tabindex="0"
      >
        <span
          class="MuiChip-label MuiChip-labelMedium css-1jzq0dw-MuiChip-label"
        >
          gitDiff
        </span>
        <span
          class="MuiTouchRipple-root css-8je8zh-MuiTouchRipple-root"
        />
      </div>
    </div>
    <div
      class="MuiGrid-root MuiGrid-item css-13i4rnv-MuiGrid-root"
    >
      <div
        class="MuiButtonBase-root MuiChip-root MuiChip-outlined MuiChip-sizeMedium MuiChip-colorSuccess MuiChip-clickable MuiChip-clickableColorSuccess MuiChip-outlinedSuccess css-1x5wi4d-MuiButtonBase-root-MuiChip-root"
        role="button"
        tabindex="0"
      >
        <span
          class="MuiChip-label MuiChip-labelMedium css-1jzq0dw-MuiChip-label"
        >
          gitHubActions
        </span>
        <span
          class="MuiTouchRipple-root css-8je8zh-MuiTouchRipple-root"
        />
      </div>
    </div>
    <div
      class="MuiGrid-root MuiGrid-item css-13i4rnv-MuiGrid-root"
    >
      <div
        class="MuiButtonBase-root MuiChip-root MuiChip-outlined MuiChip-sizeMedium MuiChip-colorSuccess MuiChip-clickable MuiChip-clickableColorSuccess MuiChip-outlinedSuccess css-1x5wi4d-MuiButtonBase-root-MuiChip-root"
        role="button"
        tabindex="0"
      >
        <span
          class="MuiChip-label MuiChip-labelMedium css-1jzq0dw-MuiChip-label"
        >
          jupyterNotebooks
        </span>
        <span
          class="MuiTouchRipple-root css-8je8zh-MuiTouchRipple-root"
        />
      </div>
    </div>
    <div
      class="MuiGrid-root MuiGrid-item css-13i4rnv-MuiGrid-root"
    >
      <div
        class="MuiButtonBase-root MuiChip-root MuiChip-outlined MuiChip-sizeMedium MuiChip-colorSuccess MuiChip-clickable MuiChip-clickableColorSuccess MuiChip-outlinedSuccess css-1x5wi4d-MuiButtonBase-root-MuiChip-root"
        role="button"
        tabindex="0"
      >
        <span
          class="MuiChip-label MuiChip-labelMedium css-1jzq0dw-MuiChip-label"
        >
          machineLearning
        </span>
        <span
          class="MuiTouchRipple-root css-8je8zh-MuiTouchRipple-root"
        />
      </div>
    </div>
    <div
      class="MuiGrid-root MuiGrid-item css-13i4rnv-MuiGrid-root"
    >
      <div
        class="MuiButtonBase-root MuiChip-root MuiChip-outlined MuiChip-sizeMedium MuiChip-colorSuccess MuiChip-clickable MuiChip-clickableColorSuccess MuiChip-outlinedSuccess css-1x5wi4d-MuiButtonBase-root-MuiChip-root"
        role="button"
        tabindex="0"
      >
        <span
          class="MuiChip-label MuiChip-labelMedium css-1jzq0dw-MuiChip-label"
        >
          openShift
        </span>
        <span
          class="MuiTouchRipple-root css-8je8zh-MuiTouchRipple-root"
        />
      </div>
    </div>
    <div
      class="MuiGrid-root MuiGrid-item css-13i4rnv-MuiGrid-root"
    >
      <div
        class="MuiButtonBase-root MuiChip-root MuiChip-outlined MuiChip-sizeMedium MuiChip-colorSuccess MuiChip-clickable MuiChip-clickableColorSuccess MuiChip-outlinedSuccess css-1x5wi4d-MuiButtonBase-root-MuiChip-root"
        role="button"
        tabindex="0"
      >
        <span
          class="MuiChip-label MuiChip-labelMedium css-1jzq0dw-MuiChip-label"
        >
          python
        </span>
        <span
          class="MuiTouchRipple-root css-8je8zh-MuiTouchRipple-root"
        />
      </div>
    </div>
    <div
      class="MuiGrid-root MuiGrid-item css-13i4rnv-MuiGrid-root"
    >
      <div
        class="MuiButtonBase-root MuiChip-root MuiChip-outlined MuiChip-sizeMedium MuiChip-colorSuccess MuiChip-clickable MuiChip-clickableColorSuccess MuiChip-outlinedSuccess css-1x5wi4d-MuiButtonBase-root-MuiChip-root"
        role="button"
        tabindex="0"
      >
        <span
          class="MuiChip-label MuiChip-labelMedium css-1jzq0dw-MuiChip-label"
        >
          quarkus
        </span>
        <span
          class="MuiTouchRipple-root css-8je8zh-MuiTouchRipple-root"
        />
      </div>
    </div>
    <div
      class="MuiGrid-root MuiGrid-item css-13i4rnv-MuiGrid-root"
    >
      <div
        class="MuiButtonBase-root MuiChip-root MuiChip-outlined MuiChip-sizeMedium MuiChip-colorSuccess MuiChip-clickable MuiChip-clickableColorSuccess MuiChip-outlinedSuccess css-1x5wi4d-MuiButtonBase-root-MuiChip-root"
        role="button"
        tabindex="0"
      >
        <span
          class="MuiChip-label MuiChip-labelMedium css-1jzq0dw-MuiChip-label"
        >
          reactJs
        </span>
        <span
          class="MuiTouchRipple-root css-8je8zh-MuiTouchRipple-root"
        />
      </div>
    </div>
    <div
      class="MuiGrid-root MuiGrid-item css-13i4rnv-MuiGrid-root"
    >
      <div
        class="MuiButtonBase-root MuiChip-root MuiChip-outlined MuiChip-sizeMedium MuiChip-colorSuccess MuiChip-clickable MuiChip-clickableColorSuccess MuiChip-outlinedSuccess css-1x5wi4d-MuiButtonBase-root-MuiChip-root"
        role="button"
        tabindex="0"
      >
        <span
          class="MuiChip-label MuiChip-labelMedium css-1jzq0dw-MuiChip-label"
        >
          teachableMachine
        </span>
        <span
          class="MuiTouchRipple-root css-8je8zh-MuiTouchRipple-root"
        />
      </div>
    </div>
    <div
      class="MuiGrid-root MuiGrid-item css-13i4rnv-MuiGrid-root"
    >
      <div
        class="MuiButtonBase-root MuiChip-root MuiChip-outlined MuiChip-sizeMedium MuiChip-colorSuccess MuiChip-clickable MuiChip-clickableColorSuccess MuiChip-outlinedSuccess css-1x5wi4d-MuiButtonBase-root-MuiChip-root"
        role="button"
        tabindex="0"
      >
        <span
          class="MuiChip-label MuiChip-labelMedium css-1jzq0dw-MuiChip-label"
        >
          tensorFlowJs
        </span>
        <span
          class="MuiTouchRipple-root css-8je8zh-MuiTouchRipple-root"
        />
      </div>
    </div>
    <div
      class="MuiGrid-root MuiGrid-item css-13i4rnv-MuiGrid-root"
    >
      <div
        class="MuiButtonBase-root MuiChip-root MuiChip-outlined MuiChip-sizeMedium MuiChip-colorSuccess MuiChip-clickable MuiChip-clickableColorSuccess MuiChip-outlinedSuccess css-1x5wi4d-MuiButtonBase-root-MuiChip-root"
        role="button"
        tabindex="0"
      >
        <span
          class="MuiChip-label MuiChip-labelMedium css-1jzq0dw-MuiChip-label"
        >
          typeScript
        </span>
        <span
          class="MuiTouchRipple-root css-8je8zh-MuiTouchRipple-root"
        />
      </div>
    </div>
    <div
      class="MuiGrid-root MuiGrid-item css-13i4rnv-MuiGrid-root"
    >
      <div
        class="MuiButtonBase-root MuiChip-root MuiChip-outlined MuiChip-sizeMedium MuiChip-colorSuccess MuiChip-clickable MuiChip-clickableColorSuccess MuiChip-outlinedSuccess css-1x5wi4d-MuiButtonBase-root-MuiChip-root"
        role="button"
        tabindex="0"
      >
        <span
          class="MuiChip-label MuiChip-labelMedium css-1jzq0dw-MuiChip-label"
        >
          vsCodeExtension
        </span>
        <span
          class="MuiTouchRipple-root css-8je8zh-MuiTouchRipple-root"
        />
      </div>
    </div>
    <div
      class="MuiGrid-root MuiGrid-item css-13i4rnv-MuiGrid-root"
    >
      <div
        class="MuiButtonBase-root MuiChip-root MuiChip-outlined MuiChip-sizeMedium MuiChip-colorSuccess MuiChip-clickable MuiChip-clickableColorSuccess MuiChip-outlinedSuccess css-1x5wi4d-MuiButtonBase-root-MuiChip-root"
        role="button"
        tabindex="0"
      >
        <span
          class="MuiChip-label MuiChip-labelMedium css-1jzq0dw-MuiChip-label"
        >
          webApp
        </span>
        <span
          class="MuiTouchRipple-root css-8je8zh-MuiTouchRipple-root"
        />
      </div>
    </div>
    <div
      class="MuiGrid-root MuiGrid-item css-1uydgkw-MuiGrid-root"
      style="opacity: 0; visibility: hidden;"
    >
      <div
        class="MuiButtonBase-root MuiChip-root MuiChip-filled MuiChip-sizeMedium MuiChip-colorSecondary MuiChip-clickable MuiChip-clickableColorSecondary MuiChip-filledSecondary css-17fdhps-MuiButtonBase-root-MuiChip-root"
        role="button"
        tabindex="0"
      >
        <span
          class="MuiChip-label MuiChip-labelMedium css-6od3lo-MuiChip-label"
        >
          showAll
        </span>
        <span
          class="MuiTouchRipple-root css-8je8zh-MuiTouchRipple-root"
        />
      </div>
    </div>
  </div>
  <div
    class="MuiBox-root css-46b038"
    style="opacity: 1; webkit-transition: opacity 500ms cubic-bezier(0.4, 0, 0.2, 1) 0ms; transition: opacity 500ms cubic-bezier(0.4, 0, 0.2, 1) 0ms;"
  >
    <div
      class="MuiDivider-root MuiDivider-fullWidth MuiDivider-withChildren MuiDivider-textAlignLeft css-1xz9eii-MuiDivider-root"
      role="separator"
    >
      <span
        class="MuiDivider-wrapper css-qywfm8-MuiDivider-wrapper"
      >
        <div
          class="MuiTypography-root MuiTypography-overline css-z7dlxs-MuiTypography-root"
        >
          repositories
        </div>
      </span>
    </div>
    <div
      class="MuiGrid-root MuiGrid-container MuiGrid-spacing-xs-3 css-zow5z4-MuiGrid-root"
    >
      <div
        class="MuiGrid-root MuiGrid-item css-1fhmij9-MuiGrid-root"
        style="opacity: 1; webkit-transition: opacity 1000ms cubic-bezier(0.4, 0, 0.2, 1) 0ms; transition: opacity 1000ms cubic-bezier(0.4, 0, 0.2, 1) 0ms;"
      >
        <div
          class="MuiPaper-root MuiPaper-elevation MuiPaper-rounded MuiPaper-elevation2 MuiCard-root css-935hc6-MuiPaper-root-MuiCard-root"
        >
          <div
            class="MuiCardHeader-root css-185gdzj-MuiCardHeader-root"
          >
            <div
              class="MuiCardHeader-content css-1qbkelo-MuiCardHeader-content"
            >
              <p
                class="MuiTypography-root MuiTypography-body1 MuiTypography-gutterBottom css-b3j5hb-MuiTypography-root"
              >
                repositories.teachableMachinePlayground
              </p>
            </div>
            <div
              class="MuiCardHeader-action css-sgoict-MuiCardHeader-action"
            >
              <img
                alt=""
                aria-label="github"
                class=""
                data-mui-internal-clone-element="true"
                loading="lazy"
                src="static/images/github/light.webp"
                style="margin: 4px 8px 0px 16px; width: 20px; height: 20px;"
              />
            </div>
          </div>
          <div
            class="MuiCardContent-root css-1hizqsf-MuiCardContent-root"
          >
            <div
              class="MuiGrid-root MuiGrid-container MuiGrid-spacing-xs-1 css-d7vl6z-MuiGrid-root"
            >
              <div
                class="MuiGrid-root MuiGrid-item css-13i4rnv-MuiGrid-root"
              >
                <div
                  class="MuiButtonBase-root MuiChip-root MuiChip-outlined MuiChip-sizeSmall MuiChip-colorSuccess MuiChip-clickable MuiChip-clickableColorSuccess MuiChip-outlinedSuccess css-88n8qe-MuiButtonBase-root-MuiChip-root"
                  role="button"
                  tabindex="0"
                >
                  <span
                    class="MuiChip-label MuiChip-labelSmall css-rrn746-MuiChip-label"
                  >
                    teachableMachine
                  </span>
                  <span
                    class="MuiTouchRipple-root css-8je8zh-MuiTouchRipple-root"
                  />
                </div>
              </div>
              <div
                class="MuiGrid-root MuiGrid-item css-13i4rnv-MuiGrid-root"
              >
                <div
                  class="MuiButtonBase-root MuiChip-root MuiChip-outlined MuiChip-sizeSmall MuiChip-colorSuccess MuiChip-clickable MuiChip-clickableColorSuccess MuiChip-outlinedSuccess css-88n8qe-MuiButtonBase-root-MuiChip-root"
                  role="button"
                  tabindex="0"
                >
                  <span
                    class="MuiChip-label MuiChip-labelSmall css-rrn746-MuiChip-label"
                  >
                    openShift
                  </span>
                  <span
                    class="MuiTouchRipple-root css-8je8zh-MuiTouchRipple-root"
                  />
                </div>
              </div>
              <div
                class="MuiGrid-root MuiGrid-item css-13i4rnv-MuiGrid-root"
              >
                <div
                  class="MuiButtonBase-root MuiChip-root MuiChip-outlined MuiChip-sizeSmall MuiChip-colorSuccess MuiChip-clickable MuiChip-clickableColorSuccess MuiChip-outlinedSuccess css-88n8qe-MuiButtonBase-root-MuiChip-root"
                  role="button"
                  tabindex="0"
                >
                  <span
                    class="MuiChip-label MuiChip-labelSmall css-rrn746-MuiChip-label"
                  >
                    reactJs
                  </span>
                  <span
                    class="MuiTouchRipple-root css-8je8zh-MuiTouchRipple-root"
                  />
                </div>
              </div>
            </div>
          </div>
          <div
            class="MuiCardActions-root MuiCardActions-spacing css-3y9r84-MuiCardActions-root"
          >
            <div
              class="MuiBox-root css-8atqhb"
            >
              <div
                class="MuiTypography-root MuiTypography-body1 css-ijluv9-MuiTypography-root"
              >
                2022
              </div>
              <a
                class="MuiTypography-root MuiTypography-inherit MuiLink-root MuiLink-underlineNone css-sy308k-MuiTypography-root-MuiLink-root"
                href="https://github.com/caponetto/teachable-machine-playground"
                rel="noreferrer"
                target="_blank"
              >
                <button
                  class="MuiButtonBase-root MuiButton-root MuiButton-text MuiButton-textSuccess MuiButton-sizeSmall MuiButton-textSizeSmall MuiButton-root MuiButton-text MuiButton-textSuccess MuiButton-sizeSmall MuiButton-textSizeSmall css-1g8q1dn-MuiButtonBase-root-MuiButton-root"
                  tabindex="0"
                  type="button"
                >
                  view
                  <span
                    class="MuiButton-endIcon MuiButton-iconSizeSmall css-155nyw6-MuiButton-endIcon"
                  >
                    <svg
                      aria-hidden="true"
                      class="MuiSvgIcon-root MuiSvgIcon-fontSizeMedium css-i4bv87-MuiSvgIcon-root"
                      data-testid="LaunchIcon"
                      focusable="false"
                      viewBox="0 0 24 24"
                    >
                      <path
                        d="M19 19H5V5h7V3H5c-1.11 0-2 .9-2 2v14c0 1.1.89 2 2 2h14c1.1 0 2-.9 2-2v-7h-2zM14 3v2h3.59l-9.83 9.83 1.41 1.41L19 6.41V10h2V3z"
                      />
                    </svg>
                  </span>
                  <span
                    class="MuiTouchRipple-root css-8je8zh-MuiTouchRipple-root"
                  />
                </button>
              </a>
            </div>
          </div>
        </div>
      </div>
      <div
        class="MuiGrid-root MuiGrid-item css-1fhmij9-MuiGrid-root"
        style="opacity: 1; webkit-transition: opacity 1000ms cubic-bezier(0.4, 0, 0.2, 1) 0ms; transition: opacity 1000ms cubic-bezier(0.4, 0, 0.2, 1) 0ms;"
      >
        <div
          class="MuiPaper-root MuiPaper-elevation MuiPaper-rounded MuiPaper-elevation2 MuiCard-root css-935hc6-MuiPaper-root-MuiCard-root"
        >
          <div
            class="MuiCardHeader-root css-185gdzj-MuiCardHeader-root"
          >
            <div
              class="MuiCardHeader-content css-1qbkelo-MuiCardHeader-content"
            >
              <p
                class="MuiTypography-root MuiTypography-body1 MuiTypography-gutterBottom css-b3j5hb-MuiTypography-root"
              >
                repositories.personalWebApp
              </p>
            </div>
            <div
              class="MuiCardHeader-action css-sgoict-MuiCardHeader-action"
            >
              <img
                alt=""
                aria-label="github"
                class=""
                data-mui-internal-clone-element="true"
                loading="lazy"
                src="static/images/github/light.webp"
                style="margin: 4px 8px 0px 16px; width: 20px; height: 20px;"
              />
            </div>
          </div>
          <div
            class="MuiCardContent-root css-1hizqsf-MuiCardContent-root"
          >
            <div
              class="MuiGrid-root MuiGrid-container MuiGrid-spacing-xs-1 css-d7vl6z-MuiGrid-root"
            >
              <div
                class="MuiGrid-root MuiGrid-item css-13i4rnv-MuiGrid-root"
              >
                <div
                  class="MuiButtonBase-root MuiChip-root MuiChip-outlined MuiChip-sizeSmall MuiChip-colorSuccess MuiChip-clickable MuiChip-clickableColorSuccess MuiChip-outlinedSuccess css-88n8qe-MuiButtonBase-root-MuiChip-root"
                  role="button"
                  tabindex="0"
                >
                  <span
                    class="MuiChip-label MuiChip-labelSmall css-rrn746-MuiChip-label"
                  >
                    typeScript
                  </span>
                  <span
                    class="MuiTouchRipple-root css-8je8zh-MuiTouchRipple-root"
                  />
                </div>
              </div>
              <div
                class="MuiGrid-root MuiGrid-item css-13i4rnv-MuiGrid-root"
              >
                <div
                  class="MuiButtonBase-root MuiChip-root MuiChip-outlined MuiChip-sizeSmall MuiChip-colorSuccess MuiChip-clickable MuiChip-clickableColorSuccess MuiChip-outlinedSuccess css-88n8qe-MuiButtonBase-root-MuiChip-root"
                  role="button"
                  tabindex="0"
                >
                  <span
                    class="MuiChip-label MuiChip-labelSmall css-rrn746-MuiChip-label"
                  >
                    reactJs
                  </span>
                  <span
                    class="MuiTouchRipple-root css-8je8zh-MuiTouchRipple-root"
                  />
                </div>
              </div>
              <div
                class="MuiGrid-root MuiGrid-item css-13i4rnv-MuiGrid-root"
              >
                <div
                  class="MuiButtonBase-root MuiChip-root MuiChip-outlined MuiChip-sizeSmall MuiChip-colorSuccess MuiChip-clickable MuiChip-clickableColorSuccess MuiChip-outlinedSuccess css-88n8qe-MuiButtonBase-root-MuiChip-root"
                  role="button"
                  tabindex="0"
                >
                  <span
                    class="MuiChip-label MuiChip-labelSmall css-rrn746-MuiChip-label"
                  >
                    webApp
                  </span>
                  <span
                    class="MuiTouchRipple-root css-8je8zh-MuiTouchRipple-root"
                  />
                </div>
              </div>
            </div>
          </div>
          <div
            class="MuiCardActions-root MuiCardActions-spacing css-3y9r84-MuiCardActions-root"
          >
            <div
              class="MuiBox-root css-8atqhb"
            >
              <div
                class="MuiTypography-root MuiTypography-body1 css-ijluv9-MuiTypography-root"
              >
                2021
              </div>
              <a
                class="MuiTypography-root MuiTypography-inherit MuiLink-root MuiLink-underlineNone css-sy308k-MuiTypography-root-MuiLink-root"
                href="https://github.com/caponetto/personal-webapp"
                rel="noreferrer"
                target="_blank"
              >
                <button
                  class="MuiButtonBase-root MuiButton-root MuiButton-text MuiButton-textSuccess MuiButton-sizeSmall MuiButton-textSizeSmall MuiButton-root MuiButton-text MuiButton-textSuccess MuiButton-sizeSmall MuiButton-textSizeSmall css-1g8q1dn-MuiButtonBase-root-MuiButton-root"
                  tabindex="0"
                  type="button"
                >
                  view
                  <span
                    class="MuiButton-endIcon MuiButton-iconSizeSmall css-155nyw6-MuiButton-endIcon"
                  >
                    <svg
                      aria-hidden="true"
                      class="MuiSvgIcon-root MuiSvgIcon-fontSizeMedium css-i4bv87-MuiSvgIcon-root"
                      data-testid="LaunchIcon"
                      focusable="false"
                      viewBox="0 0 24 24"
                    >
                      <path
                        d="M19 19H5V5h7V3H5c-1.11 0-2 .9-2 2v14c0 1.1.89 2 2 2h14c1.1 0 2-.9 2-2v-7h-2zM14 3v2h3.59l-9.83 9.83 1.41 1.41L19 6.41V10h2V3z"
                      />
                    </svg>
                  </span>
                  <span
                    class="MuiTouchRipple-root css-8je8zh-MuiTouchRipple-root"
                  />
                </button>
              </a>
            </div>
          </div>
        </div>
      </div>
      <div
        class="MuiGrid-root MuiGrid-item css-1fhmij9-MuiGrid-root"
        style="opacity: 1; webkit-transition: opacity 1000ms cubic-bezier(0.4, 0, 0.2, 1) 0ms; transition: opacity 1000ms cubic-bezier(0.4, 0, 0.2, 1) 0ms;"
      >
        <div
          class="MuiPaper-root MuiPaper-elevation MuiPaper-rounded MuiPaper-elevation2 MuiCard-root css-935hc6-MuiPaper-root-MuiCard-root"
        >
          <div
            class="MuiCardHeader-root css-185gdzj-MuiCardHeader-root"
          >
            <div
              class="MuiCardHeader-content css-1qbkelo-MuiCardHeader-content"
            >
              <p
                class="MuiTypography-root MuiTypography-body1 MuiTypography-gutterBottom css-b3j5hb-MuiTypography-root"
              >
                repositories.streamDecisionsWithDmnAndKafka
              </p>
            </div>
            <div
              class="MuiCardHeader-action css-sgoict-MuiCardHeader-action"
            >
              <img
                alt=""
                aria-label="github"
                class=""
                data-mui-internal-clone-element="true"
                loading="lazy"
                src="static/images/github/light.webp"
                style="margin: 4px 8px 0px 16px; width: 20px; height: 20px;"
              />
            </div>
          </div>
          <div
            class="MuiCardContent-root css-1hizqsf-MuiCardContent-root"
          >
            <div
              class="MuiGrid-root MuiGrid-container MuiGrid-spacing-xs-1 css-d7vl6z-MuiGrid-root"
            >
              <div
                class="MuiGrid-root MuiGrid-item css-13i4rnv-MuiGrid-root"
              >
                <div
                  class="MuiButtonBase-root MuiChip-root MuiChip-outlined MuiChip-sizeSmall MuiChip-colorSuccess MuiChip-clickable MuiChip-clickableColorSuccess MuiChip-outlinedSuccess css-88n8qe-MuiButtonBase-root-MuiChip-root"
                  role="button"
                  tabindex="0"
                >
                  <span
                    class="MuiChip-label MuiChip-labelSmall css-rrn746-MuiChip-label"
                  >
                    apacheKafka
                  </span>
                  <span
                    class="MuiTouchRipple-root css-8je8zh-MuiTouchRipple-root"
                  />
                </div>
              </div>
              <div
                class="MuiGrid-root MuiGrid-item css-13i4rnv-MuiGrid-root"
              >
                <div
                  class="MuiButtonBase-root MuiChip-root MuiChip-outlined MuiChip-sizeSmall MuiChip-colorSuccess MuiChip-clickable MuiChip-clickableColorSuccess MuiChip-outlinedSuccess css-88n8qe-MuiButtonBase-root-MuiChip-root"
                  role="button"
                  tabindex="0"
                >
                  <span
                    class="MuiChip-label MuiChip-labelSmall css-rrn746-MuiChip-label"
                  >
                    quarkus
                  </span>
                  <span
                    class="MuiTouchRipple-root css-8je8zh-MuiTouchRipple-root"
                  />
                </div>
              </div>
              <div
                class="MuiGrid-root MuiGrid-item css-13i4rnv-MuiGrid-root"
              >
                <div
                  class="MuiButtonBase-root MuiChip-root MuiChip-outlined MuiChip-sizeSmall MuiChip-colorSuccess MuiChip-clickable MuiChip-clickableColorSuccess MuiChip-outlinedSuccess css-88n8qe-MuiButtonBase-root-MuiChip-root"
                  role="button"
                  tabindex="0"
                >
                  <span
                    class="MuiChip-label MuiChip-labelSmall css-rrn746-MuiChip-label"
                  >
                    docker
                  </span>
                  <span
                    class="MuiTouchRipple-root css-8je8zh-MuiTouchRipple-root"
                  />
                </div>
              </div>
              <div
                class="MuiGrid-root MuiGrid-item css-13i4rnv-MuiGrid-root"
              >
                <div
                  class="MuiButtonBase-root MuiChip-root MuiChip-outlined MuiChip-sizeSmall MuiChip-colorSuccess MuiChip-clickable MuiChip-clickableColorSuccess MuiChip-outlinedSuccess css-88n8qe-MuiButtonBase-root-MuiChip-root"
                  role="button"
                  tabindex="0"
                >
                  <span
                    class="MuiChip-label MuiChip-labelSmall css-rrn746-MuiChip-label"
                  >
                    dmn
                  </span>
                  <span
                    class="MuiTouchRipple-root css-8je8zh-MuiTouchRipple-root"
                  />
                </div>
              </div>
            </div>
          </div>
          <div
            class="MuiCardActions-root MuiCardActions-spacing css-3y9r84-MuiCardActions-root"
          >
            <div
              class="MuiBox-root css-8atqhb"
            >
              <div
                class="MuiTypography-root MuiTypography-body1 css-ijluv9-MuiTypography-root"
              >
                2021
              </div>
              <a
                class="MuiTypography-root MuiTypography-inherit MuiLink-root MuiLink-underlineNone css-sy308k-MuiTypography-root-MuiLink-root"
                href="https://github.com/caponetto/streaming-dmn-kafka"
                rel="noreferrer"
                target="_blank"
              >
                <button
                  class="MuiButtonBase-root MuiButton-root MuiButton-text MuiButton-textSuccess MuiButton-sizeSmall MuiButton-textSizeSmall MuiButton-root MuiButton-text MuiButton-textSuccess MuiButton-sizeSmall MuiButton-textSizeSmall css-1g8q1dn-MuiButtonBase-root-MuiButton-root"
                  tabindex="0"
                  type="button"
                >
                  view
                  <span
                    class="MuiButton-endIcon MuiButton-iconSizeSmall css-155nyw6-MuiButton-endIcon"
                  >
                    <svg
                      aria-hidden="true"
                      class="MuiSvgIcon-root MuiSvgIcon-fontSizeMedium css-i4bv87-MuiSvgIcon-root"
                      data-testid="LaunchIcon"
                      focusable="false"
                      viewBox="0 0 24 24"
                    >
                      <path
                        d="M19 19H5V5h7V3H5c-1.11 0-2 .9-2 2v14c0 1.1.89 2 2 2h14c1.1 0 2-.9 2-2v-7h-2zM14 3v2h3.59l-9.83 9.83 1.41 1.41L19 6.41V10h2V3z"
                      />
                    </svg>
                  </span>
                  <span
                    class="MuiTouchRipple-root css-8je8zh-MuiTouchRipple-root"
                  />
                </button>
              </a>
            </div>
          </div>
        </div>
      </div>
      <div
        class="MuiGrid-root MuiGrid-item css-1fhmij9-MuiGrid-root"
        style="opacity: 1; webkit-transition: opacity 1000ms cubic-bezier(0.4, 0, 0.2, 1) 0ms; transition: opacity 1000ms cubic-bezier(0.4, 0, 0.2, 1) 0ms;"
      >
        <div
          class="MuiPaper-root MuiPaper-elevation MuiPaper-rounded MuiPaper-elevation2 MuiCard-root css-935hc6-MuiPaper-root-MuiCard-root"
        >
          <div
            class="MuiCardHeader-root css-185gdzj-MuiCardHeader-root"
          >
            <div
              class="MuiCardHeader-content css-1qbkelo-MuiCardHeader-content"
            >
              <p
                class="MuiTypography-root MuiTypography-body1 MuiTypography-gutterBottom css-b3j5hb-MuiTypography-root"
              >
                repositories.lessIsMore
              </p>
            </div>
            <div
              class="MuiCardHeader-action css-sgoict-MuiCardHeader-action"
            >
              <img
                alt=""
                aria-label="github"
                class=""
                data-mui-internal-clone-element="true"
                loading="lazy"
                src="static/images/github/light.webp"
                style="margin: 4px 8px 0px 16px; width: 20px; height: 20px;"
              />
            </div>
          </div>
          <div
            class="MuiCardContent-root css-1hizqsf-MuiCardContent-root"
          >
            <div
              class="MuiGrid-root MuiGrid-container MuiGrid-spacing-xs-1 css-d7vl6z-MuiGrid-root"
            >
              <div
                class="MuiGrid-root MuiGrid-item css-13i4rnv-MuiGrid-root"
              >
                <div
                  class="MuiButtonBase-root MuiChip-root MuiChip-outlined MuiChip-sizeSmall MuiChip-colorSuccess MuiChip-clickable MuiChip-clickableColorSuccess MuiChip-outlinedSuccess css-88n8qe-MuiButtonBase-root-MuiChip-root"
                  role="button"
                  tabindex="0"
                >
                  <span
                    class="MuiChip-label MuiChip-labelSmall css-rrn746-MuiChip-label"
                  >
                    gitHubActions
                  </span>
                  <span
                    class="MuiTouchRipple-root css-8je8zh-MuiTouchRipple-root"
                  />
                </div>
              </div>
              <div
                class="MuiGrid-root MuiGrid-item css-13i4rnv-MuiGrid-root"
              >
                <div
                  class="MuiButtonBase-root MuiChip-root MuiChip-outlined MuiChip-sizeSmall MuiChip-colorSuccess MuiChip-clickable MuiChip-clickableColorSuccess MuiChip-outlinedSuccess css-88n8qe-MuiButtonBase-root-MuiChip-root"
                  role="button"
                  tabindex="0"
                >
                  <span
                    class="MuiChip-label MuiChip-labelSmall css-rrn746-MuiChip-label"
                  >
                    typeScript
                  </span>
                  <span
                    class="MuiTouchRipple-root css-8je8zh-MuiTouchRipple-root"
                  />
                </div>
              </div>
              <div
                class="MuiGrid-root MuiGrid-item css-13i4rnv-MuiGrid-root"
              >
                <div
                  class="MuiButtonBase-root MuiChip-root MuiChip-outlined MuiChip-sizeSmall MuiChip-colorSuccess MuiChip-clickable MuiChip-clickableColorSuccess MuiChip-outlinedSuccess css-88n8qe-MuiButtonBase-root-MuiChip-root"
                  role="button"
                  tabindex="0"
                >
                  <span
                    class="MuiChip-label MuiChip-labelSmall css-rrn746-MuiChip-label"
                  >
                    artifact
                  </span>
                  <span
                    class="MuiTouchRipple-root css-8je8zh-MuiTouchRipple-root"
                  />
                </div>
              </div>
            </div>
          </div>
          <div
            class="MuiCardActions-root MuiCardActions-spacing css-3y9r84-MuiCardActions-root"
          >
            <div
              class="MuiBox-root css-8atqhb"
            >
              <div
                class="MuiTypography-root MuiTypography-body1 css-ijluv9-MuiTypography-root"
              >
                2021
              </div>
              <a
                class="MuiTypography-root MuiTypography-inherit MuiLink-root MuiLink-underlineNone css-sy308k-MuiTypography-root-MuiLink-root"
                href="https://github.com/caponetto/less-is-more"
                rel="noreferrer"
                target="_blank"
              >
                <button
                  class="MuiButtonBase-root MuiButton-root MuiButton-text MuiButton-textSuccess MuiButton-sizeSmall MuiButton-textSizeSmall MuiButton-root MuiButton-text MuiButton-textSuccess MuiButton-sizeSmall MuiButton-textSizeSmall css-1g8q1dn-MuiButtonBase-root-MuiButton-root"
                  tabindex="0"
                  type="button"
                >
                  view
                  <span
                    class="MuiButton-endIcon MuiButton-iconSizeSmall css-155nyw6-MuiButton-endIcon"
                  >
                    <svg
                      aria-hidden="true"
                      class="MuiSvgIcon-root MuiSvgIcon-fontSizeMedium css-i4bv87-MuiSvgIcon-root"
                      data-testid="LaunchIcon"
                      focusable="false"
                      viewBox="0 0 24 24"
                    >
                      <path
                        d="M19 19H5V5h7V3H5c-1.11 0-2 .9-2 2v14c0 1.1.89 2 2 2h14c1.1 0 2-.9 2-2v-7h-2zM14 3v2h3.59l-9.83 9.83 1.41 1.41L19 6.41V10h2V3z"
                      />
                    </svg>
                  </span>
                  <span
                    class="MuiTouchRipple-root css-8je8zh-MuiTouchRipple-root"
                  />
                </button>
              </a>
            </div>
          </div>
        </div>
      </div>
      <div
        class="MuiGrid-root MuiGrid-item css-1fhmij9-MuiGrid-root"
        style="opacity: 1; webkit-transition: opacity 1000ms cubic-bezier(0.4, 0, 0.2, 1) 0ms; transition: opacity 1000ms cubic-bezier(0.4, 0, 0.2, 1) 0ms;"
      >
        <div
          class="MuiPaper-root MuiPaper-elevation MuiPaper-rounded MuiPaper-elevation2 MuiCard-root css-935hc6-MuiPaper-root-MuiCard-root"
        >
          <div
            class="MuiCardHeader-root css-185gdzj-MuiCardHeader-root"
          >
            <div
              class="MuiCardHeader-content css-1qbkelo-MuiCardHeader-content"
            >
              <p
                class="MuiTypography-root MuiTypography-body1 MuiTypography-gutterBottom css-b3j5hb-MuiTypography-root"
              >
                repositories.vsCodeDiffViewer
              </p>
            </div>
            <div
              class="MuiCardHeader-action css-sgoict-MuiCardHeader-action"
            >
              <img
                alt=""
                aria-label="github"
                class=""
                data-mui-internal-clone-element="true"
                loading="lazy"
                src="static/images/github/light.webp"
                style="margin: 4px 8px 0px 16px; width: 20px; height: 20px;"
              />
            </div>
          </div>
          <div
            class="MuiCardContent-root css-1hizqsf-MuiCardContent-root"
          >
            <div
              class="MuiGrid-root MuiGrid-container MuiGrid-spacing-xs-1 css-d7vl6z-MuiGrid-root"
            >
              <div
                class="MuiGrid-root MuiGrid-item css-13i4rnv-MuiGrid-root"
              >
                <div
                  class="MuiButtonBase-root MuiChip-root MuiChip-outlined MuiChip-sizeSmall MuiChip-colorSuccess MuiChip-clickable MuiChip-clickableColorSuccess MuiChip-outlinedSuccess css-88n8qe-MuiButtonBase-root-MuiChip-root"
                  role="button"
                  tabindex="0"
                >
                  <span
                    class="MuiChip-label MuiChip-labelSmall css-rrn746-MuiChip-label"
                  >
                    vsCodeExtension
                  </span>
                  <span
                    class="MuiTouchRipple-root css-8je8zh-MuiTouchRipple-root"
                  />
                </div>
              </div>
              <div
                class="MuiGrid-root MuiGrid-item css-13i4rnv-MuiGrid-root"
              >
                <div
                  class="MuiButtonBase-root MuiChip-root MuiChip-outlined MuiChip-sizeSmall MuiChip-colorSuccess MuiChip-clickable MuiChip-clickableColorSuccess MuiChip-outlinedSuccess css-88n8qe-MuiButtonBase-root-MuiChip-root"
                  role="button"
                  tabindex="0"
                >
                  <span
                    class="MuiChip-label MuiChip-labelSmall css-rrn746-MuiChip-label"
                  >
                    typeScript
                  </span>
                  <span
                    class="MuiTouchRipple-root css-8je8zh-MuiTouchRipple-root"
                  />
                </div>
              </div>
              <div
                class="MuiGrid-root MuiGrid-item css-13i4rnv-MuiGrid-root"
              >
                <div
                  class="MuiButtonBase-root MuiChip-root MuiChip-outlined MuiChip-sizeSmall MuiChip-colorSuccess MuiChip-clickable MuiChip-clickableColorSuccess MuiChip-outlinedSuccess css-88n8qe-MuiButtonBase-root-MuiChip-root"
                  role="button"
                  tabindex="0"
                >
                  <span
                    class="MuiChip-label MuiChip-labelSmall css-rrn746-MuiChip-label"
                  >
                    gitDiff
                  </span>
                  <span
                    class="MuiTouchRipple-root css-8je8zh-MuiTouchRipple-root"
                  />
                </div>
              </div>
            </div>
          </div>
          <div
            class="MuiCardActions-root MuiCardActions-spacing css-3y9r84-MuiCardActions-root"
          >
            <div
              class="MuiBox-root css-8atqhb"
            >
              <div
                class="MuiTypography-root MuiTypography-body1 css-ijluv9-MuiTypography-root"
              >
                2021
              </div>
              <a
                class="MuiTypography-root MuiTypography-inherit MuiLink-root MuiLink-underlineNone css-sy308k-MuiTypography-root-MuiLink-root"
                href="https://github.com/caponetto/vscode-diff-viewer"
                rel="noreferrer"
                target="_blank"
              >
                <button
                  class="MuiButtonBase-root MuiButton-root MuiButton-text MuiButton-textSuccess MuiButton-sizeSmall MuiButton-textSizeSmall MuiButton-root MuiButton-text MuiButton-textSuccess MuiButton-sizeSmall MuiButton-textSizeSmall css-1g8q1dn-MuiButtonBase-root-MuiButton-root"
                  tabindex="0"
                  type="button"
                >
                  view
                  <span
                    class="MuiButton-endIcon MuiButton-iconSizeSmall css-155nyw6-MuiButton-endIcon"
                  >
                    <svg
                      aria-hidden="true"
                      class="MuiSvgIcon-root MuiSvgIcon-fontSizeMedium css-i4bv87-MuiSvgIcon-root"
                      data-testid="LaunchIcon"
                      focusable="false"
                      viewBox="0 0 24 24"
                    >
                      <path
                        d="M19 19H5V5h7V3H5c-1.11 0-2 .9-2 2v14c0 1.1.89 2 2 2h14c1.1 0 2-.9 2-2v-7h-2zM14 3v2h3.59l-9.83 9.83 1.41 1.41L19 6.41V10h2V3z"
                      />
                    </svg>
                  </span>
                  <span
                    class="MuiTouchRipple-root css-8je8zh-MuiTouchRipple-root"
                  />
                </button>
              </a>
            </div>
          </div>
        </div>
      </div>
      <div
        class="MuiGrid-root MuiGrid-item css-1fhmij9-MuiGrid-root"
        style="opacity: 1; webkit-transition: opacity 1000ms cubic-bezier(0.4, 0, 0.2, 1) 0ms; transition: opacity 1000ms cubic-bezier(0.4, 0, 0.2, 1) 0ms;"
      >
        <div
          class="MuiPaper-root MuiPaper-elevation MuiPaper-rounded MuiPaper-elevation2 MuiCard-root css-935hc6-MuiPaper-root-MuiCard-root"
        >
          <div
            class="MuiCardHeader-root css-185gdzj-MuiCardHeader-root"
          >
            <div
              class="MuiCardHeader-content css-1qbkelo-MuiCardHeader-content"
            >
              <p
                class="MuiTypography-root MuiTypography-body1 MuiTypography-gutterBottom css-b3j5hb-MuiTypography-root"
              >
                repositories.bhc
              </p>
            </div>
            <div
              class="MuiCardHeader-action css-sgoict-MuiCardHeader-action"
            >
              <img
                alt=""
                aria-label="github"
                class=""
                data-mui-internal-clone-element="true"
                loading="lazy"
                src="static/images/github/light.webp"
                style="margin: 4px 8px 0px 16px; width: 20px; height: 20px;"
              />
            </div>
          </div>
          <div
            class="MuiCardContent-root css-1hizqsf-MuiCardContent-root"
          >
            <div
              class="MuiGrid-root MuiGrid-container MuiGrid-spacing-xs-1 css-d7vl6z-MuiGrid-root"
            >
              <div
                class="MuiGrid-root MuiGrid-item css-13i4rnv-MuiGrid-root"
              >
                <div
                  class="MuiButtonBase-root MuiChip-root MuiChip-outlined MuiChip-sizeSmall MuiChip-colorSuccess MuiChip-clickable MuiChip-clickableColorSuccess MuiChip-outlinedSuccess css-88n8qe-MuiButtonBase-root-MuiChip-root"
                  role="button"
                  tabindex="0"
                >
                  <span
                    class="MuiChip-label MuiChip-labelSmall css-rrn746-MuiChip-label"
                  >
                    bayesianStatistics
                  </span>
                  <span
                    class="MuiTouchRipple-root css-8je8zh-MuiTouchRipple-root"
                  />
                </div>
              </div>
              <div
                class="MuiGrid-root MuiGrid-item css-13i4rnv-MuiGrid-root"
              >
                <div
                  class="MuiButtonBase-root MuiChip-root MuiChip-outlined MuiChip-sizeSmall MuiChip-colorSuccess MuiChip-clickable MuiChip-clickableColorSuccess MuiChip-outlinedSuccess css-88n8qe-MuiButtonBase-root-MuiChip-root"
                  role="button"
                  tabindex="0"
                >
                  <span
                    class="MuiChip-label MuiChip-labelSmall css-rrn746-MuiChip-label"
                  >
                    clustering
                  </span>
                  <span
                    class="MuiTouchRipple-root css-8je8zh-MuiTouchRipple-root"
                  />
                </div>
              </div>
              <div
                class="MuiGrid-root MuiGrid-item css-13i4rnv-MuiGrid-root"
              >
                <div
                  class="MuiButtonBase-root MuiChip-root MuiChip-outlined MuiChip-sizeSmall MuiChip-colorSuccess MuiChip-clickable MuiChip-clickableColorSuccess MuiChip-outlinedSuccess css-88n8qe-MuiButtonBase-root-MuiChip-root"
                  role="button"
                  tabindex="0"
                >
                  <span
                    class="MuiChip-label MuiChip-labelSmall css-rrn746-MuiChip-label"
                  >
                    python
                  </span>
                  <span
                    class="MuiTouchRipple-root css-8je8zh-MuiTouchRipple-root"
                  />
                </div>
              </div>
            </div>
          </div>
          <div
            class="MuiCardActions-root MuiCardActions-spacing css-3y9r84-MuiCardActions-root"
          >
            <div
              class="MuiBox-root css-8atqhb"
            >
              <div
                class="MuiTypography-root MuiTypography-body1 css-ijluv9-MuiTypography-root"
              >
                2021
              </div>
              <a
                class="MuiTypography-root MuiTypography-inherit MuiLink-root MuiLink-underlineNone css-sy308k-MuiTypography-root-MuiLink-root"
                href="https://github.com/caponetto/bayesian-hierarchical-clustering"
                rel="noreferrer"
                target="_blank"
              >
                <button
                  class="MuiButtonBase-root MuiButton-root MuiButton-text MuiButton-textSuccess MuiButton-sizeSmall MuiButton-textSizeSmall MuiButton-root MuiButton-text MuiButton-textSuccess MuiButton-sizeSmall MuiButton-textSizeSmall css-1g8q1dn-MuiButtonBase-root-MuiButton-root"
                  tabindex="0"
                  type="button"
                >
                  view
                  <span
                    class="MuiButton-endIcon MuiButton-iconSizeSmall css-155nyw6-MuiButton-endIcon"
                  >
                    <svg
                      aria-hidden="true"
                      class="MuiSvgIcon-root MuiSvgIcon-fontSizeMedium css-i4bv87-MuiSvgIcon-root"
                      data-testid="LaunchIcon"
                      focusable="false"
                      viewBox="0 0 24 24"
                    >
                      <path
                        d="M19 19H5V5h7V3H5c-1.11 0-2 .9-2 2v14c0 1.1.89 2 2 2h14c1.1 0 2-.9 2-2v-7h-2zM14 3v2h3.59l-9.83 9.83 1.41 1.41L19 6.41V10h2V3z"
                      />
                    </svg>
                  </span>
                  <span
                    class="MuiTouchRipple-root css-8je8zh-MuiTouchRipple-root"
                  />
                </button>
              </a>
            </div>
          </div>
        </div>
      </div>
      <div
        class="MuiGrid-root MuiGrid-item css-1fhmij9-MuiGrid-root"
        style="opacity: 1; webkit-transition: opacity 1000ms cubic-bezier(0.4, 0, 0.2, 1) 0ms; transition: opacity 1000ms cubic-bezier(0.4, 0, 0.2, 1) 0ms;"
      >
        <div
          class="MuiPaper-root MuiPaper-elevation MuiPaper-rounded MuiPaper-elevation2 MuiCard-root css-935hc6-MuiPaper-root-MuiCard-root"
        >
          <div
            class="MuiCardHeader-root css-185gdzj-MuiCardHeader-root"
          >
            <div
              class="MuiCardHeader-content css-1qbkelo-MuiCardHeader-content"
            >
              <p
                class="MuiTypography-root MuiTypography-body1 MuiTypography-gutterBottom css-b3j5hb-MuiTypography-root"
              >
                repositories.vsCodeQuarkusDJL
              </p>
            </div>
            <div
              class="MuiCardHeader-action css-sgoict-MuiCardHeader-action"
            >
              <img
                alt=""
                aria-label="github"
                class=""
                data-mui-internal-clone-element="true"
                loading="lazy"
                src="static/images/github/light.webp"
                style="margin: 4px 8px 0px 16px; width: 20px; height: 20px;"
              />
            </div>
          </div>
          <div
            class="MuiCardContent-root css-1hizqsf-MuiCardContent-root"
          >
            <div
              class="MuiGrid-root MuiGrid-container MuiGrid-spacing-xs-1 css-d7vl6z-MuiGrid-root"
            >
              <div
                class="MuiGrid-root MuiGrid-item css-13i4rnv-MuiGrid-root"
              >
                <div
                  class="MuiButtonBase-root MuiChip-root MuiChip-outlined MuiChip-sizeSmall MuiChip-colorSuccess MuiChip-clickable MuiChip-clickableColorSuccess MuiChip-outlinedSuccess css-88n8qe-MuiButtonBase-root-MuiChip-root"
                  role="button"
                  tabindex="0"
                >
                  <span
                    class="MuiChip-label MuiChip-labelSmall css-rrn746-MuiChip-label"
                  >
                    vsCodeExtension
                  </span>
                  <span
                    class="MuiTouchRipple-root css-8je8zh-MuiTouchRipple-root"
                  />
                </div>
              </div>
              <div
                class="MuiGrid-root MuiGrid-item css-13i4rnv-MuiGrid-root"
              >
                <div
                  class="MuiButtonBase-root MuiChip-root MuiChip-outlined MuiChip-sizeSmall MuiChip-colorSuccess MuiChip-clickable MuiChip-clickableColorSuccess MuiChip-outlinedSuccess css-88n8qe-MuiButtonBase-root-MuiChip-root"
                  role="button"
                  tabindex="0"
                >
                  <span
                    class="MuiChip-label MuiChip-labelSmall css-rrn746-MuiChip-label"
                  >
                    computerVision
                  </span>
                  <span
                    class="MuiTouchRipple-root css-8je8zh-MuiTouchRipple-root"
                  />
                </div>
              </div>
              <div
                class="MuiGrid-root MuiGrid-item css-13i4rnv-MuiGrid-root"
              >
                <div
                  class="MuiButtonBase-root MuiChip-root MuiChip-outlined MuiChip-sizeSmall MuiChip-colorSuccess MuiChip-clickable MuiChip-clickableColorSuccess MuiChip-outlinedSuccess css-88n8qe-MuiButtonBase-root-MuiChip-root"
                  role="button"
                  tabindex="0"
                >
                  <span
                    class="MuiChip-label MuiChip-labelSmall css-rrn746-MuiChip-label"
                  >
                    typeScript
                  </span>
                  <span
                    class="MuiTouchRipple-root css-8je8zh-MuiTouchRipple-root"
                  />
                </div>
              </div>
              <div
                class="MuiGrid-root MuiGrid-item css-13i4rnv-MuiGrid-root"
              >
                <div
                  class="MuiButtonBase-root MuiChip-root MuiChip-outlined MuiChip-sizeSmall MuiChip-colorSuccess MuiChip-clickable MuiChip-clickableColorSuccess MuiChip-outlinedSuccess css-88n8qe-MuiButtonBase-root-MuiChip-root"
                  role="button"
                  tabindex="0"
                >
                  <span
                    class="MuiChip-label MuiChip-labelSmall css-rrn746-MuiChip-label"
                  >
                    quarkus
                  </span>
                  <span
                    class="MuiTouchRipple-root css-8je8zh-MuiTouchRipple-root"
                  />
                </div>
              </div>
            </div>
          </div>
          <div
            class="MuiCardActions-root MuiCardActions-spacing css-3y9r84-MuiCardActions-root"
          >
            <div
              class="MuiBox-root css-8atqhb"
            >
              <div
                class="MuiTypography-root MuiTypography-body1 css-ijluv9-MuiTypography-root"
              >
                2020
              </div>
              <a
                class="MuiTypography-root MuiTypography-inherit MuiLink-root MuiLink-underlineNone css-sy308k-MuiTypography-root-MuiLink-root"
                href="https://github.com/caponetto/vscode-quarkus-djl"
                rel="noreferrer"
                target="_blank"
              >
                <button
                  class="MuiButtonBase-root MuiButton-root MuiButton-text MuiButton-textSuccess MuiButton-sizeSmall MuiButton-textSizeSmall MuiButton-root MuiButton-text MuiButton-textSuccess MuiButton-sizeSmall MuiButton-textSizeSmall css-1g8q1dn-MuiButtonBase-root-MuiButton-root"
                  tabindex="0"
                  type="button"
                >
                  view
                  <span
                    class="MuiButton-endIcon MuiButton-iconSizeSmall css-155nyw6-MuiButton-endIcon"
                  >
                    <svg
                      aria-hidden="true"
                      class="MuiSvgIcon-root MuiSvgIcon-fontSizeMedium css-i4bv87-MuiSvgIcon-root"
                      data-testid="LaunchIcon"
                      focusable="false"
                      viewBox="0 0 24 24"
                    >
                      <path
                        d="M19 19H5V5h7V3H5c-1.11 0-2 .9-2 2v14c0 1.1.89 2 2 2h14c1.1 0 2-.9 2-2v-7h-2zM14 3v2h3.59l-9.83 9.83 1.41 1.41L19 6.41V10h2V3z"
                      />
                    </svg>
                  </span>
                  <span
                    class="MuiTouchRipple-root css-8je8zh-MuiTouchRipple-root"
                  />
                </button>
              </a>
            </div>
          </div>
        </div>
      </div>
      <div
        class="MuiGrid-root MuiGrid-item css-1fhmij9-MuiGrid-root"
        style="opacity: 1; webkit-transition: opacity 1000ms cubic-bezier(0.4, 0, 0.2, 1) 0ms; transition: opacity 1000ms cubic-bezier(0.4, 0, 0.2, 1) 0ms;"
      >
        <div
          class="MuiPaper-root MuiPaper-elevation MuiPaper-rounded MuiPaper-elevation2 MuiCard-root css-935hc6-MuiPaper-root-MuiCard-root"
        >
          <div
            class="MuiCardHeader-root css-185gdzj-MuiCardHeader-root"
          >
            <div
              class="MuiCardHeader-content css-1qbkelo-MuiCardHeader-content"
            >
              <p
                class="MuiTypography-root MuiTypography-body1 MuiTypography-gutterBottom css-b3j5hb-MuiTypography-root"
              >
                repositories.vsCodeToxicityClassifier
              </p>
            </div>
            <div
              class="MuiCardHeader-action css-sgoict-MuiCardHeader-action"
            >
              <img
                alt=""
                aria-label="github"
                class=""
                data-mui-internal-clone-element="true"
                loading="lazy"
                src="static/images/github/light.webp"
                style="margin: 4px 8px 0px 16px; width: 20px; height: 20px;"
              />
            </div>
          </div>
          <div
            class="MuiCardContent-root css-1hizqsf-MuiCardContent-root"
          >
            <div
              class="MuiGrid-root MuiGrid-container MuiGrid-spacing-xs-1 css-d7vl6z-MuiGrid-root"
            >
              <div
                class="MuiGrid-root MuiGrid-item css-13i4rnv-MuiGrid-root"
              >
                <div
                  class="MuiButtonBase-root MuiChip-root MuiChip-outlined MuiChip-sizeSmall MuiChip-colorSuccess MuiChip-clickable MuiChip-clickableColorSuccess MuiChip-outlinedSuccess css-88n8qe-MuiButtonBase-root-MuiChip-root"
                  role="button"
                  tabindex="0"
                >
                  <span
                    class="MuiChip-label MuiChip-labelSmall css-rrn746-MuiChip-label"
                  >
                    vsCodeExtension
                  </span>
                  <span
                    class="MuiTouchRipple-root css-8je8zh-MuiTouchRipple-root"
                  />
                </div>
              </div>
              <div
                class="MuiGrid-root MuiGrid-item css-13i4rnv-MuiGrid-root"
              >
                <div
                  class="MuiButtonBase-root MuiChip-root MuiChip-outlined MuiChip-sizeSmall MuiChip-colorSuccess MuiChip-clickable MuiChip-clickableColorSuccess MuiChip-outlinedSuccess css-88n8qe-MuiButtonBase-root-MuiChip-root"
                  role="button"
                  tabindex="0"
                >
                  <span
                    class="MuiChip-label MuiChip-labelSmall css-rrn746-MuiChip-label"
                  >
                    tensorFlowJs
                  </span>
                  <span
                    class="MuiTouchRipple-root css-8je8zh-MuiTouchRipple-root"
                  />
                </div>
              </div>
              <div
                class="MuiGrid-root MuiGrid-item css-13i4rnv-MuiGrid-root"
              >
                <div
                  class="MuiButtonBase-root MuiChip-root MuiChip-outlined MuiChip-sizeSmall MuiChip-colorSuccess MuiChip-clickable MuiChip-clickableColorSuccess MuiChip-outlinedSuccess css-88n8qe-MuiButtonBase-root-MuiChip-root"
                  role="button"
                  tabindex="0"
                >
                  <span
                    class="MuiChip-label MuiChip-labelSmall css-rrn746-MuiChip-label"
                  >
                    typeScript
                  </span>
                  <span
                    class="MuiTouchRipple-root css-8je8zh-MuiTouchRipple-root"
                  />
                </div>
              </div>
            </div>
          </div>
          <div
            class="MuiCardActions-root MuiCardActions-spacing css-3y9r84-MuiCardActions-root"
          >
            <div
              class="MuiBox-root css-8atqhb"
            >
              <div
                class="MuiTypography-root MuiTypography-body1 css-ijluv9-MuiTypography-root"
              >
                2020
              </div>
              <a
                class="MuiTypography-root MuiTypography-inherit MuiLink-root MuiLink-underlineNone css-sy308k-MuiTypography-root-MuiLink-root"
                href="https://github.com/caponetto/vscode-tfjs-toxicity"
                rel="noreferrer"
                target="_blank"
              >
                <button
                  class="MuiButtonBase-root MuiButton-root MuiButton-text MuiButton-textSuccess MuiButton-sizeSmall MuiButton-textSizeSmall MuiButton-root MuiButton-text MuiButton-textSuccess MuiButton-sizeSmall MuiButton-textSizeSmall css-1g8q1dn-MuiButtonBase-root-MuiButton-root"
                  tabindex="0"
                  type="button"
                >
                  view
                  <span
                    class="MuiButton-endIcon MuiButton-iconSizeSmall css-155nyw6-MuiButton-endIcon"
                  >
                    <svg
                      aria-hidden="true"
                      class="MuiSvgIcon-root MuiSvgIcon-fontSizeMedium css-i4bv87-MuiSvgIcon-root"
                      data-testid="LaunchIcon"
                      focusable="false"
                      viewBox="0 0 24 24"
                    >
                      <path
                        d="M19 19H5V5h7V3H5c-1.11 0-2 .9-2 2v14c0 1.1.89 2 2 2h14c1.1 0 2-.9 2-2v-7h-2zM14 3v2h3.59l-9.83 9.83 1.41 1.41L19 6.41V10h2V3z"
                      />
                    </svg>
                  </span>
                  <span
                    class="MuiTouchRipple-root css-8je8zh-MuiTouchRipple-root"
                  />
                </button>
              </a>
            </div>
          </div>
        </div>
      </div>
      <div
        class="MuiGrid-root MuiGrid-item css-1fhmij9-MuiGrid-root"
        style="opacity: 1; webkit-transition: opacity 1000ms cubic-bezier(0.4, 0, 0.2, 1) 0ms; transition: opacity 1000ms cubic-bezier(0.4, 0, 0.2, 1) 0ms;"
      >
        <div
          class="MuiPaper-root MuiPaper-elevation MuiPaper-rounded MuiPaper-elevation2 MuiCard-root css-935hc6-MuiPaper-root-MuiCard-root"
        >
          <div
            class="MuiCardHeader-root css-185gdzj-MuiCardHeader-root"
          >
            <div
              class="MuiCardHeader-content css-1qbkelo-MuiCardHeader-content"
            >
              <p
                class="MuiTypography-root MuiTypography-body1 MuiTypography-gutterBottom css-b3j5hb-MuiTypography-root"
              >
                repositories.vsCodeObjectDetection
              </p>
            </div>
            <div
              class="MuiCardHeader-action css-sgoict-MuiCardHeader-action"
            >
              <img
                alt=""
                aria-label="github"
                class=""
                data-mui-internal-clone-element="true"
                loading="lazy"
                src="static/images/github/light.webp"
                style="margin: 4px 8px 0px 16px; width: 20px; height: 20px;"
              />
            </div>
          </div>
          <div
            class="MuiCardContent-root css-1hizqsf-MuiCardContent-root"
          >
            <div
              class="MuiGrid-root MuiGrid-container MuiGrid-spacing-xs-1 css-d7vl6z-MuiGrid-root"
            >
              <div
                class="MuiGrid-root MuiGrid-item css-13i4rnv-MuiGrid-root"
              >
                <div
                  class="MuiButtonBase-root MuiChip-root MuiChip-outlined MuiChip-sizeSmall MuiChip-colorSuccess MuiChip-clickable MuiChip-clickableColorSuccess MuiChip-outlinedSuccess css-88n8qe-MuiButtonBase-root-MuiChip-root"
                  role="button"
                  tabindex="0"
                >
                  <span
                    class="MuiChip-label MuiChip-labelSmall css-rrn746-MuiChip-label"
                  >
                    vsCodeExtension
                  </span>
                  <span
                    class="MuiTouchRipple-root css-8je8zh-MuiTouchRipple-root"
                  />
                </div>
              </div>
              <div
                class="MuiGrid-root MuiGrid-item css-13i4rnv-MuiGrid-root"
              >
                <div
                  class="MuiButtonBase-root MuiChip-root MuiChip-outlined MuiChip-sizeSmall MuiChip-colorSuccess MuiChip-clickable MuiChip-clickableColorSuccess MuiChip-outlinedSuccess css-88n8qe-MuiButtonBase-root-MuiChip-root"
                  role="button"
                  tabindex="0"
                >
                  <span
                    class="MuiChip-label MuiChip-labelSmall css-rrn746-MuiChip-label"
                  >
                    tensorFlowJs
                  </span>
                  <span
                    class="MuiTouchRipple-root css-8je8zh-MuiTouchRipple-root"
                  />
                </div>
              </div>
              <div
                class="MuiGrid-root MuiGrid-item css-13i4rnv-MuiGrid-root"
              >
                <div
                  class="MuiButtonBase-root MuiChip-root MuiChip-outlined MuiChip-sizeSmall MuiChip-colorSuccess MuiChip-clickable MuiChip-clickableColorSuccess MuiChip-outlinedSuccess css-88n8qe-MuiButtonBase-root-MuiChip-root"
                  role="button"
                  tabindex="0"
                >
                  <span
                    class="MuiChip-label MuiChip-labelSmall css-rrn746-MuiChip-label"
                  >
                    typeScript
                  </span>
                  <span
                    class="MuiTouchRipple-root css-8je8zh-MuiTouchRipple-root"
                  />
                </div>
              </div>
            </div>
          </div>
          <div
            class="MuiCardActions-root MuiCardActions-spacing css-3y9r84-MuiCardActions-root"
          >
            <div
              class="MuiBox-root css-8atqhb"
            >
              <div
                class="MuiTypography-root MuiTypography-body1 css-ijluv9-MuiTypography-root"
              >
                2020
              </div>
              <a
                class="MuiTypography-root MuiTypography-inherit MuiLink-root MuiLink-underlineNone css-sy308k-MuiTypography-root-MuiLink-root"
                href="https://github.com/caponetto/vscode-tfjs-coco-ssd"
                rel="noreferrer"
                target="_blank"
              >
                <button
                  class="MuiButtonBase-root MuiButton-root MuiButton-text MuiButton-textSuccess MuiButton-sizeSmall MuiButton-textSizeSmall MuiButton-root MuiButton-text MuiButton-textSuccess MuiButton-sizeSmall MuiButton-textSizeSmall css-1g8q1dn-MuiButtonBase-root-MuiButton-root"
                  tabindex="0"
                  type="button"
                >
                  view
                  <span
                    class="MuiButton-endIcon MuiButton-iconSizeSmall css-155nyw6-MuiButton-endIcon"
                  >
                    <svg
                      aria-hidden="true"
                      class="MuiSvgIcon-root MuiSvgIcon-fontSizeMedium css-i4bv87-MuiSvgIcon-root"
                      data-testid="LaunchIcon"
                      focusable="false"
                      viewBox="0 0 24 24"
                    >
                      <path
                        d="M19 19H5V5h7V3H5c-1.11 0-2 .9-2 2v14c0 1.1.89 2 2 2h14c1.1 0 2-.9 2-2v-7h-2zM14 3v2h3.59l-9.83 9.83 1.41 1.41L19 6.41V10h2V3z"
                      />
                    </svg>
                  </span>
                  <span
                    class="MuiTouchRipple-root css-8je8zh-MuiTouchRipple-root"
                  />
                </button>
              </a>
            </div>
          </div>
        </div>
      </div>
      <div
        class="MuiGrid-root MuiGrid-item css-1fhmij9-MuiGrid-root"
        style="opacity: 1; webkit-transition: opacity 1000ms cubic-bezier(0.4, 0, 0.2, 1) 0ms; transition: opacity 1000ms cubic-bezier(0.4, 0, 0.2, 1) 0ms;"
      >
        <div
          class="MuiPaper-root MuiPaper-elevation MuiPaper-rounded MuiPaper-elevation2 MuiCard-root css-935hc6-MuiPaper-root-MuiCard-root"
        >
          <div
            class="MuiCardHeader-root css-185gdzj-MuiCardHeader-root"
          >
            <div
              class="MuiCardHeader-content css-1qbkelo-MuiCardHeader-content"
            >
              <p
                class="MuiTypography-root MuiTypography-body1 MuiTypography-gutterBottom css-b3j5hb-MuiTypography-root"
              >
                repositories.jupyterNotebooks
              </p>
            </div>
            <div
              class="MuiCardHeader-action css-sgoict-MuiCardHeader-action"
            >
              <img
                alt=""
                aria-label="github"
                class=""
                data-mui-internal-clone-element="true"
                loading="lazy"
                src="static/images/github/light.webp"
                style="margin: 4px 8px 0px 16px; width: 20px; height: 20px;"
              />
            </div>
          </div>
          <div
            class="MuiCardContent-root css-1hizqsf-MuiCardContent-root"
          >
            <div
              class="MuiGrid-root MuiGrid-container MuiGrid-spacing-xs-1 css-d7vl6z-MuiGrid-root"
            >
              <div
                class="MuiGrid-root MuiGrid-item css-13i4rnv-MuiGrid-root"
              >
                <div
                  class="MuiButtonBase-root MuiChip-root MuiChip-outlined MuiChip-sizeSmall MuiChip-colorSuccess MuiChip-clickable MuiChip-clickableColorSuccess MuiChip-outlinedSuccess css-88n8qe-MuiButtonBase-root-MuiChip-root"
                  role="button"
                  tabindex="0"
                >
                  <span
                    class="MuiChip-label MuiChip-labelSmall css-rrn746-MuiChip-label"
                  >
                    jupyterNotebooks
                  </span>
                  <span
                    class="MuiTouchRipple-root css-8je8zh-MuiTouchRipple-root"
                  />
                </div>
              </div>
              <div
                class="MuiGrid-root MuiGrid-item css-13i4rnv-MuiGrid-root"
              >
                <div
                  class="MuiButtonBase-root MuiChip-root MuiChip-outlined MuiChip-sizeSmall MuiChip-colorSuccess MuiChip-clickable MuiChip-clickableColorSuccess MuiChip-outlinedSuccess css-88n8qe-MuiButtonBase-root-MuiChip-root"
                  role="button"
                  tabindex="0"
                >
                  <span
                    class="MuiChip-label MuiChip-labelSmall css-rrn746-MuiChip-label"
                  >
                    machineLearning
                  </span>
                  <span
                    class="MuiTouchRipple-root css-8je8zh-MuiTouchRipple-root"
                  />
                </div>
              </div>
            </div>
          </div>
          <div
            class="MuiCardActions-root MuiCardActions-spacing css-3y9r84-MuiCardActions-root"
          >
            <div
              class="MuiBox-root css-8atqhb"
            >
              <div
                class="MuiTypography-root MuiTypography-body1 css-ijluv9-MuiTypography-root"
              >
                2019
              </div>
              <a
                class="MuiTypography-root MuiTypography-inherit MuiLink-root MuiLink-underlineNone css-sy308k-MuiTypography-root-MuiLink-root"
                href="https://github.com/caponetto/jupyter-notebooks"
                rel="noreferrer"
                target="_blank"
              >
                <button
                  class="MuiButtonBase-root MuiButton-root MuiButton-text MuiButton-textSuccess MuiButton-sizeSmall MuiButton-textSizeSmall MuiButton-root MuiButton-text MuiButton-textSuccess MuiButton-sizeSmall MuiButton-textSizeSmall css-1g8q1dn-MuiButtonBase-root-MuiButton-root"
                  tabindex="0"
                  type="button"
                >
                  view
                  <span
                    class="MuiButton-endIcon MuiButton-iconSizeSmall css-155nyw6-MuiButton-endIcon"
                  >
                    <svg
                      aria-hidden="true"
                      class="MuiSvgIcon-root MuiSvgIcon-fontSizeMedium css-i4bv87-MuiSvgIcon-root"
                      data-testid="LaunchIcon"
                      focusable="false"
                      viewBox="0 0 24 24"
                    >
                      <path
                        d="M19 19H5V5h7V3H5c-1.11 0-2 .9-2 2v14c0 1.1.89 2 2 2h14c1.1 0 2-.9 2-2v-7h-2zM14 3v2h3.59l-9.83 9.83 1.41 1.41L19 6.41V10h2V3z"
                      />
                    </svg>
                  </span>
                  <span
                    class="MuiTouchRipple-root css-8je8zh-MuiTouchRipple-root"
                  />
                </button>
              </a>
            </div>
          </div>
        </div>
      </div>
    </div>
  </div>
</div>
`;
